 ABS_mpccontroller_sfun

 Timestamp is 573db2e7 (Thu May 19 14:34:47 2016)

 Preferred load address is 0000000180000000

 Start         Length     Name                   Class
 0001:00000000 0002f02eH .text                   CODE
 0001:0002f030 0000007bH .text$x                 CODE
 0002:00000000 00000470H .idata$5                DATA
 0002:00000470 00000008H .CRT$XCA                DATA
 0002:00000478 00000008H .CRT$XCZ                DATA
 0002:00000480 00000008H .CRT$XIA                DATA
 0002:00000488 00000008H .CRT$XIAA               DATA
 0002:00000490 00000008H .CRT$XIC                DATA
 0002:00000498 00000008H .CRT$XIZ                DATA
 0002:000004a0 00000790H .rdata                  DATA
 0002:00000c30 00000008H .rtc$IAA                DATA
 0002:00000c38 00000008H .rtc$IZZ                DATA
 0002:00000c40 00000008H .rtc$TAA                DATA
 0002:00000c48 00000008H .rtc$TZZ                DATA
 0002:00000c50 00000aa0H .xdata                  DATA
 0002:000016f0 00000078H .idata$2                DATA
 0002:00001768 00000014H .idata$3                DATA
 0002:00001780 00000470H .idata$4                DATA
 0002:00001bf0 00000c9aH .idata$6                DATA
 0002:00002890 0000005cH .edata                  DATA
 0003:00000000 00006514H .data                   DATA
 0003:00006520 000006b8H .bss                    DATA
 0004:00000000 00000bb8H .pdata                  DATA

  Address         Publics by Value              Rva+Base               Lib:Object

 0000:00000000       ___safe_se_handler_count   0000000000000000     <absolute>
 0000:00000000       ___safe_se_handler_table   0000000000000000     <absolute>
 0000:00000000       __ImageBase                0000000180000000     <linker-defined>
 0001:00000000       ABS_mpccontroller_initializer 0000000180001000 f   ABS_mpccontroller_sfun.obj
 0001:00000010       ABS_mpccontroller_terminator 0000000180001010 f   ABS_mpccontroller_sfun.obj
 0001:00000020       load_ABS_mpccontroller_optimization_info 0000000180001020 f   ABS_mpccontroller_sfun.obj
 0001:00000070       unload_ABS_mpccontroller_optimization_info 0000000180001070 f   ABS_mpccontroller_sfun.obj
 0001:000000a0       sf_ABS_mpccontroller_method_dispatcher 00000001800010a0 f   ABS_mpccontroller_sfun.obj
 0001:000000c0       sf_ABS_mpccontroller_uses_exported_functions 00000001800010c0 f   ABS_mpccontroller_sfun.obj
 0001:00000100       sf_ABS_mpccontroller_process_check_sum_call 0000000180001100 f   ABS_mpccontroller_sfun.obj
 0001:000006a0       sf_ABS_mpccontroller_autoinheritance_info 00000001800016a0 f   ABS_mpccontroller_sfun.obj
 0001:00000830       sf_ABS_mpccontroller_get_eml_resolved_functions_info 0000000180001830 f   ABS_mpccontroller_sfun.obj
 0001:00000970       sf_ABS_mpccontroller_third_party_uses_info 0000000180001970 f   ABS_mpccontroller_sfun.obj
 0001:00000b00       sf_ABS_mpccontroller_jit_fallback_info 0000000180001b00 f   ABS_mpccontroller_sfun.obj
 0001:00000c90       sf_ABS_mpccontroller_updateBuildInfo_args_info 0000000180001c90 f   ABS_mpccontroller_sfun.obj
 0001:00000e20       sf_ABS_mpccontroller_get_post_codegen_info 0000000180001e20 f   ABS_mpccontroller_sfun.obj
 0001:00000f00       ABS_mpccontroller_debug_initialize 0000000180001f00 f   ABS_mpccontroller_sfun.obj
 0001:00000f80       ABS_mpccontroller_register_exported_symbols 0000000180001f80 f   ABS_mpccontroller_sfun.obj
 0001:00000f90       mexFunction                0000000180001f90 f   ABS_mpccontroller_sfun_registry.obj
 0001:00002360       _ssSetInputPortDirectFeedThroughFcn 0000000180003360 f   ABS_mpccontroller_sfun_registry.obj
 0001:000024c0       _ssGetInputPortSignalPtrsFcn 00000001800034c0 f   ABS_mpccontroller_sfun_registry.obj
 0001:000026e0       _ssGetInputPortSignalFcn   00000001800036e0 f   ABS_mpccontroller_sfun_registry.obj
 0001:00002900       _ssSetInputPortReusableFcn 0000000180003900 f   ABS_mpccontroller_sfun_registry.obj
 0001:000029e0       _ssSetOutputPortReusableFcn 00000001800039e0 f   ABS_mpccontroller_sfun_registry.obj
 0001:00002ac0       _ssSetSymbolicDimsSupport  0000000180003ac0 f   ABS_mpccontroller_sfun_registry.obj
 0001:00002b30       _ssRegisterSymbolicDimsExpr 0000000180003b30 f   ABS_mpccontroller_sfun_registry.obj
 0001:00002bb0       _ssRegisterSymbolicDims    0000000180003bb0 f   ABS_mpccontroller_sfun_registry.obj
 0001:00002c50       _ssRegisterSymbolicDimsString 0000000180003c50 f   ABS_mpccontroller_sfun_registry.obj
 0001:00002cd0       _ssRegisterSymbolicDimsIntValue 0000000180003cd0 f   ABS_mpccontroller_sfun_registry.obj
 0001:00002d40       _ssRegisterSymbolicDimsPlus 0000000180003d40 f   ABS_mpccontroller_sfun_registry.obj
 0001:00002dc0       _ssRegisterSymbolicDimsMinus 0000000180003dc0 f   ABS_mpccontroller_sfun_registry.obj
 0001:00002e40       _ssRegisterSymbolicDimsMultiply 0000000180003e40 f   ABS_mpccontroller_sfun_registry.obj
 0001:00002ec0       _ssRegisterSymbolicDimsDivide 0000000180003ec0 f   ABS_mpccontroller_sfun_registry.obj
 0001:00002f40       _ssGetNumSymbolicDims      0000000180003f40 f   ABS_mpccontroller_sfun_registry.obj
 0001:00002fb0       _ssGetSymbolicDim          0000000180003fb0 f   ABS_mpccontroller_sfun_registry.obj
 0001:00003030       _ssSetInputPortSymbolicDimsId 0000000180004030 f   ABS_mpccontroller_sfun_registry.obj
 0001:000030a0       _ssGetCompInputPortSymbolicDimsId 00000001800040a0 f   ABS_mpccontroller_sfun_registry.obj
 0001:00003110       _ssSetCompInputPortSymbolicDimsId 0000000180004110 f   ABS_mpccontroller_sfun_registry.obj
 0001:00003180       _ssSetOutputPortSymbolicDimsId 0000000180004180 f   ABS_mpccontroller_sfun_registry.obj
 0001:000031f0       _ssGetCompOutputPortSymbolicDimsId 00000001800041f0 f   ABS_mpccontroller_sfun_registry.obj
 0001:00003260       _ssSetCompOutputPortSymbolicDimsId 0000000180004260 f   ABS_mpccontroller_sfun_registry.obj
 0001:000032d0       _ssSetCompDWorkSymbolicDimsId 00000001800042d0 f   ABS_mpccontroller_sfun_registry.obj
 0001:00003340       ssGetIsZeroCrossControlDisabled 0000000180004340 f   ABS_mpccontroller_sfun_registry.obj
 0001:000033b0       ssSetIsInputPortUsedForContZcSignal 00000001800043b0 f   ABS_mpccontroller_sfun_registry.obj
 0001:00003420       ssSetZcSignalIsZcElementDisc 0000000180004420 f   ABS_mpccontroller_sfun_registry.obj
 0001:000034d0       ssSetZcSignalName          00000001800044d0 f   ABS_mpccontroller_sfun_registry.obj
 0001:00003540       ssSetZcSignalWidth         0000000180004540 f   ABS_mpccontroller_sfun_registry.obj
 0001:000035b0       ssSetZcSignalZcEventType   00000001800045b0 f   ABS_mpccontroller_sfun_registry.obj
 0001:00003620       ssSetZcSignalType          0000000180004620 f   ABS_mpccontroller_sfun_registry.obj
 0001:00003690       ssSetZcSignalZcTol         0000000180004690 f   ABS_mpccontroller_sfun_registry.obj
 0001:00003700       ssSetZcSignalNeedsEventNotification 0000000180004700 f   ABS_mpccontroller_sfun_registry.obj
 0001:00003770       ssCreateAndAddZcSignalInfo 0000000180004770 f   ABS_mpccontroller_sfun_registry.obj
 0001:000037e0       ssCloneAndAddZcSignalInfo  00000001800047e0 f   ABS_mpccontroller_sfun_registry.obj
 0001:00003850       ssGetNumZcSignals          0000000180004850 f   ABS_mpccontroller_sfun_registry.obj
 0001:000038c0       ssGetZcSignalVector        00000001800048c0 f   ABS_mpccontroller_sfun_registry.obj
 0001:00003930       ssGetZcSignalName          0000000180004930 f   ABS_mpccontroller_sfun_registry.obj
 0001:000039a0       ssGetZcSignalWidth         00000001800049a0 f   ABS_mpccontroller_sfun_registry.obj
 0001:00003a10       ssGetZcSignalZcEventType   0000000180004a10 f   ABS_mpccontroller_sfun_registry.obj
 0001:00003a80       ssGetZcSignalZcEvents      0000000180004a80 f   ABS_mpccontroller_sfun_registry.obj
 0001:00003af0       ssGetZcSignalType          0000000180004af0 f   ABS_mpccontroller_sfun_registry.obj
 0001:00003b60       ssGetZcSignalZcTol         0000000180004b60 f   ABS_mpccontroller_sfun_registry.obj
 0001:00003be0       ssGetZcSignalNeedsEventNotification 0000000180004be0 f   ABS_mpccontroller_sfun_registry.obj
 0001:00003c50       ssGetZcSignalIsZcElementDisc 0000000180004c50 f   ABS_mpccontroller_sfun_registry.obj
 0001:00003cf0       ssGetIsInputPortElementContinuous 0000000180004cf0 f   ABS_mpccontroller_sfun_registry.obj
 0001:00003d90       ssGetDTypeIdFromMxArray    0000000180004d90 f   ABS_mpccontroller_sfun_registry.obj
 0001:00003eb0       ssWriteRTWStr              0000000180004eb0 f   ABS_mpccontroller_sfun_registry.obj
 0001:00003f10       ssWriteRTWNameValuePair    0000000180004f10 f   ABS_mpccontroller_sfun_registry.obj
 0001:00004410       ssWriteRTWParamSettings    0000000180005410 f   ABS_mpccontroller_sfun_registry.obj
 0001:00004b00       ssWriteRTWParameters       0000000180005b00 f   ABS_mpccontroller_sfun_registry.obj
 0001:000050d0       ssWriteRTWWorkVect         00000001800060d0 f   ABS_mpccontroller_sfun_registry.obj
 0001:000055c0       ssWriteRTWMxVectParam      00000001800065c0 f   ABS_mpccontroller_sfun_registry.obj
 0001:00005640       ssWriteRTWMx2dMatParam     0000000180006640 f   ABS_mpccontroller_sfun_registry.obj
 0001:000056d0       _ssSetInputPortMatrixDimensions 00000001800066d0 f   ABS_mpccontroller_sfun_registry.obj
 0001:000057d0       _ssSetOutputPortMatrixDimensions 00000001800067d0 f   ABS_mpccontroller_sfun_registry.obj
 0001:000058d0       _ssSetInputPortVectorDimension 00000001800068d0 f   ABS_mpccontroller_sfun_registry.obj
 0001:00005980       _ssSetOutputPortVectorDimension 0000000180006980 f   ABS_mpccontroller_sfun_registry.obj
 0001:00005a30       ssIsRunTimeParamTunable    0000000180006a30 f   ABS_mpccontroller_sfun_registry.obj
 0001:00005aa0       ssGetSFuncBlockHandle      0000000180006aa0 f   ABS_mpccontroller_sfun_registry.obj
 0001:00005b10       _ssGetCurrentInputPortWidth 0000000180006b10 f   ABS_mpccontroller_sfun_registry.obj
 0001:00005c30       _ssGetCurrentOutputPortWidth 0000000180006c30 f   ABS_mpccontroller_sfun_registry.obj
 0001:00005d50       _ssGetCallSystemNumFcnCallDestinations 0000000180006d50 f   ABS_mpccontroller_sfun_registry.obj
 0001:00005dc0       ssGetParameterTuningCompliance 0000000180006dc0 f   ABS_mpccontroller_sfun_registry.obj
 0001:00005e30       ssWarning                  0000000180006e30 f   ABS_mpccontroller_sfun_registry.obj
 0001:00005f20       _ssGetAbsTol               0000000180006f20 f   ABS_mpccontroller_sfun_registry.obj
 0001:00005f90       _ssSetStateAbsTol          0000000180006f90 f   ABS_mpccontroller_sfun_registry.obj
 0001:00006070       sf_process_check_sum_call  0000000180007070 f   ABS_mpccontroller_sfun_registry.obj
 0001:000060e0       sf_process_machine_uses_exported_functions_call 00000001800070e0 f   ABS_mpccontroller_sfun_registry.obj
 0001:000062e0       sf_process_autoinheritance_call 00000001800072e0 f   ABS_mpccontroller_sfun_registry.obj
 0001:000065d0       sf_process_get_third_party_uses_info_call 00000001800075d0 f   ABS_mpccontroller_sfun_registry.obj
 0001:000068c0       sf_process_get_jit_fallback_info_call 00000001800078c0 f   ABS_mpccontroller_sfun_registry.obj
 0001:00006bb0       sf_process_get_updateBuildInfo_args_info_call 0000000180007bb0 f   ABS_mpccontroller_sfun_registry.obj
 0001:00006ea0       sf_process_get_eml_resolved_functions_info_call 0000000180007ea0 f   ABS_mpccontroller_sfun_registry.obj
 0001:00007130       sf_process_get_post_codegen_info 0000000180008130 f   ABS_mpccontroller_sfun_registry.obj
 0001:00007330       sf_mex_unlock_call         0000000180008330 f   ABS_mpccontroller_sfun_registry.obj
 0001:00007610       sf_machine_global_initializer_called 0000000180008610 f   ABS_mpccontroller_sfun_registry.obj
 0001:00007640       sf_machine_global_method_dispatcher 0000000180008640 f   ABS_mpccontroller_sfun_registry.obj
 0001:000076e0       sf_machine_global_terminator 00000001800086e0 f   ABS_mpccontroller_sfun_registry.obj
 0001:00007730       sf_register_machine_exported_symbols 0000000180008730 f   ABS_mpccontroller_sfun_registry.obj
 0001:00007760       callCustomFcn              0000000180008760 f   ABS_mpccontroller_sfun_registry.obj
 0001:00007770       sf_machine_global_initializer 0000000180008770 f   ABS_mpccontroller_sfun_registry.obj
 0001:00007800       mdlGetSimState             0000000180008800 f   ABS_mpccontroller_sfun_registry.obj
 0001:00007840       mdlSetSimState             0000000180008840 f   ABS_mpccontroller_sfun_registry.obj
 0001:000080a0       ProcessMexSfunctionEveryCall 00000001800090a0 f   ABS_mpccontroller_sfun_registry.obj
 0001:00008d90       mpclib_initializer         0000000180009d90 f   mpclib_sfun:mpclib_sfun.obj
 0001:00008da0       mpclib_terminator          0000000180009da0 f   mpclib_sfun:mpclib_sfun.obj
 0001:00008db0       load_mpclib_optimization_info 0000000180009db0 f   mpclib_sfun:mpclib_sfun.obj
 0001:00008e00       unload_mpclib_optimization_info 0000000180009e00 f   mpclib_sfun:mpclib_sfun.obj
 0001:00008e30       sf_mpclib_method_dispatcher 0000000180009e30 f   mpclib_sfun:mpclib_sfun.obj
 0001:00008e80       sf_mpclib_uses_exported_functions 0000000180009e80 f   mpclib_sfun:mpclib_sfun.obj
 0001:00008ec0       sf_mpclib_process_check_sum_call 0000000180009ec0 f   mpclib_sfun:mpclib_sfun.obj
 0001:000092c0       sf_mpclib_autoinheritance_info 000000018000a2c0 f   mpclib_sfun:mpclib_sfun.obj
 0001:000094a0       sf_mpclib_get_eml_resolved_functions_info 000000018000a4a0 f   mpclib_sfun:mpclib_sfun.obj
 0001:00009620       sf_mpclib_third_party_uses_info 000000018000a620 f   mpclib_sfun:mpclib_sfun.obj
 0001:000097f0       sf_mpclib_jit_fallback_info 000000018000a7f0 f   mpclib_sfun:mpclib_sfun.obj
 0001:000099c0       sf_mpclib_updateBuildInfo_args_info 000000018000a9c0 f   mpclib_sfun:mpclib_sfun.obj
 0001:00009b90       sf_mpclib_get_post_codegen_info 000000018000ab90 f   mpclib_sfun:mpclib_sfun.obj
 0001:00009cb0       mpclib_debug_initialize    000000018000acb0 f   mpclib_sfun:mpclib_sfun.obj
 0001:00009d40       mpclib_register_exported_symbols 000000018000ad40 f   mpclib_sfun:mpclib_sfun.obj
 0001:00009d50       sf_c3_mpclib_get_eml_resolved_functions_info 000000018000ad50 f   mpclib_sfun:c3_mpclib.obj
 0001:00009dd0       sf_c3_mpclib_get_check_sum 000000018000add0 f   mpclib_sfun:c3_mpclib.obj
 0001:00009ea0       c3_mpclib_method_dispatcher 000000018000aea0 f   mpclib_sfun:c3_mpclib.obj
 0001:00021be0       sf_c3_mpclib_get_post_codegen_info 0000000180022be0 f   mpclib_sfun:c3_mpclib.obj
 0001:00021cb0       sf_c3_mpclib_get_autoinheritance_info 0000000180022cb0 f   mpclib_sfun:c3_mpclib.obj
 0001:0002a100       sf_c3_mpclib_third_party_uses_info 000000018002b100 f   mpclib_sfun:c3_mpclib.obj
 0001:0002a130       sf_c3_mpclib_jit_fallback_info 000000018002b130 f   mpclib_sfun:c3_mpclib.obj
 0001:0002a2a0       sf_c3_mpclib_updateBuildInfo_args_info 000000018002b2a0 f   mpclib_sfun:c3_mpclib.obj
 0001:0002e192       sf_load_rtw_optimization_info 000000018002f192 f   sf_runtime:sf_runtime.dll
 0001:0002e198       sf_debug_initialize_machine 000000018002f198 f   sf_runtime:sf_runtime.dll
 0001:0002e19e       sf_debug_set_machine_event_thresholds 000000018002f19e f   sf_runtime:sf_runtime.dll
 0001:0002e1a4       sf_debug_set_machine_data_thresholds 000000018002f1a4 f   sf_runtime:sf_runtime.dll
 0001:0002e1aa       sf_get_ChartInfoStruct_CodeGen 000000018002f1aa f   sf_runtime:sf_runtime.dll
 0001:0002e1b0       sf_get_isEnhancedMooreMachine 000000018002f1b0 f   sf_runtime:sf_runtime.dll
 0001:0002e1b6       sf_set_compiledInfo        000000018002f1b6 f   sf_runtime:sf_runtime.dll
 0001:0002e1bc       callMdlMethodAndReportError 000000018002f1bc f   sf_runtime:sf_runtime.dll
 0001:0002e1c2       sim_mode_is_rtw_gen        000000018002f1c2 f   sf_runtime:sf_runtime.dll
 0001:0002e1c8       call_sf_machine_global_method_dispatcher 000000018002f1c8 f   sf_runtime:sf_runtime.dll
 0001:0002e1ce       sf_mex_error_direct_call   000000018002f1ce f   sf_runtime:sf_runtime.dll
 0001:0002e1d4       sf_clear_error_manager_info 000000018002f1d4 f   sf_runtime:sf_runtime.dll
 0001:0002e1da       sf_debug_create_debug_instance_struct 000000018002f1da f   sf_runtime:sf_runtime.dll
 0001:0002e1e0       sf_debug_terminate         000000018002f1e0 f   sf_runtime:sf_runtime.dll
 0001:0002e1e6       sf_debug_api               000000018002f1e6 f   sf_runtime:sf_runtime.dll
 0001:0002e1ec       sf_init_ChartRunTimeInfo   000000018002f1ec f   sf_runtime:sf_runtime.dll
 0001:0002e1f2       sf_free_ChartRunTimeInfo   000000018002f1f2 f   sf_runtime:sf_runtime.dll
 0001:0002e1f8       sf_get_chart_instance_ptr  000000018002f1f8 f   sf_runtime:sf_runtime.dll
 0001:0002e1fe       sf_rtw_info_uint_prop      000000018002f1fe f   sf_runtime:sf_runtime.dll
 0001:0002e204       sf_update_buildInfo        000000018002f204 f   sf_runtime:sf_runtime.dll
 0001:0002e20a       sf_is_chart_inlinable      000000018002f20a f   sf_runtime:sf_runtime.dll
 0001:0002e210       sf_mark_chart_reusable_outputs 000000018002f210 f   sf_runtime:sf_runtime.dll
 0001:0002e216       sf_mark_chart_expressionable_inputs 000000018002f216 f   sf_runtime:sf_runtime.dll
 0001:0002e21c       sim_mode_is_external       000000018002f21c f   sf_runtime:sf_runtime.dll
 0001:0002e222       sf_mex_get_sfun_param      000000018002f222 f   sf_runtime:sf_runtime.dll
 0001:0002e228       sf_clear_rtw_identifier    000000018002f228 f   sf_runtime:sf_runtime.dll
 0001:0002e22e       sf_set_rtw_dwork_info      000000018002f22e f   sf_runtime:sf_runtime.dll
 0001:0002e234       sf_get_time                000000018002f234 f   sf_runtime:sf_runtime.dll
 0001:0002e23a       sf_is_first_init_cond      000000018002f23a f   sf_runtime:sf_runtime.dll
 0001:0002e240       sf_set_chart_accesses_machine_info 000000018002f240 f   sf_runtime:sf_runtime.dll
 0001:0002e246       sf_mex_call_debug          000000018002f246 f   sf_runtime:sf_runtime.dll
 0001:0002e24c       sf_mex_error_message       000000018002f24c f   sf_runtime:sf_runtime.dll
 0001:0002e252       sf_mex_create              000000018002f252 f   sf_runtime:sf_runtime.dll
 0001:0002e258       sf_mex_createcellmatrix    000000018002f258 f   sf_runtime:sf_runtime.dll
 0001:0002e25e       sf_mex_setcell             000000018002f25e f   sf_runtime:sf_runtime.dll
 0001:0002e264       sf_mex_getcell             000000018002f264 f   sf_runtime:sf_runtime.dll
 0001:0002e26a       sf_mex_assign              000000018002f26a f   sf_runtime:sf_runtime.dll
 0001:0002e270       sf_mex_dup                 000000018002f270 f   sf_runtime:sf_runtime.dll
 0001:0002e276       sf_mex_destroy             000000018002f276 f   sf_runtime:sf_runtime.dll
 0001:0002e27c       sf_mex_import              000000018002f27c f   sf_runtime:sf_runtime.dll
 0001:0002e282       sf_mex_import_named        000000018002f282 f   sf_runtime:sf_runtime.dll
 0001:0002e288       sf_mex_decode_encoded_mx_struct_array 000000018002f288 f   sf_runtime:sf_runtime.dll
 0001:0002e28e       ssGetInputPortSignal_wrapper 000000018002f28e f   sf_runtime:sf_runtime.dll
 0001:0002e294       ssGetOutputPortSignal_wrapper 000000018002f294 f   sf_runtime:sf_runtime.dll
 0001:0002e29a       sf_debug_initialize_chart  000000018002f29a f   sf_runtime:sf_runtime.dll
 0001:0002e2a0       sf_debug_call              000000018002f2a0 f   sf_runtime:sf_runtime.dll
 0001:0002e2a6       eml_debug_line_call        000000018002f2a6 f   sf_runtime:sf_runtime.dll
 0001:0002e2ac       cv_eml_eval                000000018002f2ac f   sf_runtime:sf_runtime.dll
 0001:0002e2b2       cv_eval_relational         000000018002f2b2 f   sf_runtime:sf_runtime.dll
 0001:0002e2b8       cv_eml_init_script         000000018002f2b8 f   sf_runtime:sf_runtime.dll
 0001:0002e2be       cv_eml_init_fcn            000000018002f2be f   sf_runtime:sf_runtime.dll
 0001:0002e2c4       cv_eml_init_if             000000018002f2c4 f   sf_runtime:sf_runtime.dll
 0001:0002e2ca       cv_eml_init_relational     000000018002f2ca f   sf_runtime:sf_runtime.dll
 0001:0002e2d0       sf_debug_reset_current_state_configuration 000000018002f2d0 f   sf_runtime:sf_runtime.dll
 0001:0002e2d6       sf_debug_check_for_state_inconsistency 000000018002f2d6 f   sf_runtime:sf_runtime.dll
 0001:0002e2dc       sf_debug_set_chart_data_props 000000018002f2dc f   sf_runtime:sf_runtime.dll
 0001:0002e2e2       sf_debug_set_chart_data_compiled_props 000000018002f2e2 f   sf_runtime:sf_runtime.dll
 0001:0002e2e8       sf_debug_symbol_scope_push 000000018002f2e8 f   sf_runtime:sf_runtime.dll
 0001:0002e2ee       sf_debug_symbol_scope_push_eml 000000018002f2ee f   sf_runtime:sf_runtime.dll
 0001:0002e2f4       sf_debug_symbol_scope_pop  000000018002f2f4 f   sf_runtime:sf_runtime.dll
 0001:0002e2fa       sf_debug_symbol_scope_add_eml 000000018002f2fa f   sf_runtime:sf_runtime.dll
 0001:0002e300       sf_debug_symbol_scope_add_eml_importable 000000018002f300 f   sf_runtime:sf_runtime.dll
 0001:0002e306       sf_debug_set_instance_data_value_ptr 000000018002f306 f   sf_runtime:sf_runtime.dll
 0001:0002e30c       sf_debug_set_chart_disable_implicit_casting 000000018002f30c f   sf_runtime:sf_runtime.dll
 0001:0002e312       sf_debug_set_chart_event_thresholds 000000018002f312 f   sf_runtime:sf_runtime.dll
 0001:0002e318       sf_debug_set_chart_state_info 000000018002f318 f   sf_runtime:sf_runtime.dll
 0001:0002e31e       sf_debug_set_chart_decomposition 000000018002f31e f   sf_runtime:sf_runtime.dll
 0001:0002e324       sf_debug_set_chart_substate_count 000000018002f324 f   sf_runtime:sf_runtime.dll
 0001:0002e32a       sf_debug_data_range_wrapper 000000018002f32a f   sf_runtime:sf_runtime.dll
 0001:0002e330       sf_debug_cv_init_trans     000000018002f330 f   sf_runtime:sf_runtime.dll
 0001:0002e336       sf_debug_cv_init_chart     000000018002f336 f   sf_runtime:sf_runtime.dll
 0001:0002e33c       sf_debug_cv_init_state     000000018002f33c f   sf_runtime:sf_runtime.dll
 0001:0002e342       mxIsChar                   000000018002f342 f   libmx:libmx.dll
 0001:0002e348       mxGetPr                    000000018002f348 f   libmx:libmx.dll
 0001:0002e34e       mxGetScalar                000000018002f34e f   libmx:libmx.dll
 0001:0002e354       mxDestroyArray             000000018002f354 f   libmx:libmx.dll
 0001:0002e35a       mxCreateDoubleMatrix_730   000000018002f35a f   libmx:libmx.dll
 0001:0002e360       mxCreateLogicalScalar      000000018002f360 f   libmx:libmx.dll
 0001:0002e366       mxGetString_730            000000018002f366 f   libmx:libmx.dll
 0001:0002e36c       mxCalloc                   000000018002f36c f   libmx:libmx.dll
 0001:0002e372       mxGetM                     000000018002f372 f   libmx:libmx.dll
 0001:0002e378       mxGetClassID               000000018002f378 f   libmx:libmx.dll
 0001:0002e37e       mxIsNumeric                000000018002f37e f   libmx:libmx.dll
 0001:0002e384       mxIsComplex                000000018002f384 f   libmx:libmx.dll
 0001:0002e38a       mxGetN                     000000018002f38a f   libmx:libmx.dll
 0001:0002e390       mxCreateString             000000018002f390 f   libmx:libmx.dll
 0001:0002e396       mxDuplicateArray           000000018002f396 f   libmx:libmx.dll
 0001:0002e39c       mxSetField_730             000000018002f39c f   libmx:libmx.dll
 0001:0002e3a2       mxCreateDoubleScalar       000000018002f3a2 f   libmx:libmx.dll
 0001:0002e3a8       mxCreateCellMatrix_730     000000018002f3a8 f   libmx:libmx.dll
 0001:0002e3ae       mxCreateCellArray_730      000000018002f3ae f   libmx:libmx.dll
 0001:0002e3b4       mxCreateStructMatrix_730   000000018002f3b4 f   libmx:libmx.dll
 0001:0002e3ba       mxCreateStructArray_730    000000018002f3ba f   libmx:libmx.dll
 0001:0002e3c0       mexMakeArrayPersistent     000000018002f3c0 f   libmex:libmex.dll
 0001:0002e3c6       mexErrMsgTxt               000000018002f3c6 f   libmex:libmex.dll
 0001:0002e3cc       mexWarnMsgTxt              000000018002f3cc f   libmex:libmex.dll
 0001:0002e3d2       mexCallMATLABWithObject    000000018002f3d2 f   libmex:libmex.dll
 0001:0002e3d8       mexLock                    000000018002f3d8 f   libmex:libmex.dll
 0001:0002e3de       mexUnlock                  000000018002f3de f   libmex:libmex.dll
 0001:0002e3e4       mexIsLocked                000000018002f3e4 f   libmex:libmex.dll
 0001:0002e3ea       utMalloc                   000000018002f3ea f   libut:libut.dll
 0001:0002e3f0       utFree                     000000018002f3f0 f   libut:libut.dll
 0001:0002e3f8       __raise_securityfailure    000000018002f3f8 f   MSVCRT:gs_report.obj
 0001:0002e444       __report_gsfailure         000000018002f444 f   MSVCRT:gs_report.obj
 0001:0002e518       __report_rangecheckfailure 000000018002f518 f   MSVCRT:gs_report.obj
 0001:0002e52c       __report_securityfailure   000000018002f52c f   MSVCRT:gs_report.obj
 0001:0002e5c8       __report_securityfailureEx 000000018002f5c8 f   MSVCRT:gs_report.obj
 0001:0002e6d6       strcmp                     000000018002f6d6 f   MSVCRT:MSVCR110.dll
 0001:0002e6dc       __GSHandlerCheck           000000018002f6dc f   MSVCRT:gshandler.obj
 0001:0002e6fc       __GSHandlerCheckCommon     000000018002f6fc f   MSVCRT:gshandler.obj
 0001:0002e770       __security_check_cookie    000000018002f770 f   MSVCRT:amdsecgs.obj
 0001:0002e790       memcpy                     000000018002f790 f   MSVCRT:MSVCR110.dll
 0001:0002e796       strcat                     000000018002f796 f   MSVCRT:MSVCR110.dll
 0001:0002e79c       strlen                     000000018002f79c f   MSVCRT:MSVCR110.dll
 0001:0002e7a2       sprintf                    000000018002f7a2 f   MSVCRT:MSVCR110.dll
 0001:0002e7a8       free                       000000018002f7a8 f   MSVCRT:MSVCR110.dll
 0001:0002e7ae       malloc                     000000018002f7ae f   MSVCRT:MSVCR110.dll
 0001:0002e814       NtCurrentTeb               000000018002f814 f i MSVCRT:crtdll.obj
 0001:0002e820       _CRT_INIT                  000000018002f820 f   MSVCRT:crtdll.obj
 0001:0002ea6c       _DllMainCRTStartup         000000018002fa6c f   MSVCRT:crtdll.obj
 0001:0002ebe2       memset                     000000018002fbe2 f   MSVCRT:MSVCR110.dll
 0001:0002ec00       __chkstk                   000000018002fc00 f   MSVCRT:chkstk.obj
 0001:0002ec00       _alloca_probe              000000018002fc00     MSVCRT:chkstk.obj
 0001:0002ec4e       __crt_debugger_hook        000000018002fc4e f   MSVCRT:MSVCR110.dll
 0001:0002ec54       __crtUnhandledException    000000018002fc54 f   MSVCRT:MSVCR110.dll
 0001:0002ec5a       __crtTerminateProcess      000000018002fc5a f   MSVCRT:MSVCR110.dll
 0001:0002ec60       __crtCaptureCurrentContext 000000018002fc60 f   MSVCRT:MSVCR110.dll
 0001:0002ec66       __crtCapturePreviousContext 000000018002fc66 f   MSVCRT:MSVCR110.dll
 0001:0002ec6c       __CppXcptFilter            000000018002fc6c f   MSVCRT:MSVCR110.dll
 0001:0002ec72       _amsg_exit                 000000018002fc72 f   MSVCRT:MSVCR110.dll
 0001:0002ec80       _FindPESection             000000018002fc80 f   MSVCRT:pesect.obj
 0001:0002ecd0       _IsNonwritableInCurrentImage 000000018002fcd0 f   MSVCRT:pesect.obj
 0001:0002ed20       _ValidateImageBase         000000018002fd20 f   MSVCRT:pesect.obj
 0001:0002ed50       __atonexitinit             000000018002fd50 f   MSVCRT:atonexit.obj
 0001:0002eda0       _onexit                    000000018002fda0 f   MSVCRT:atonexit.obj
 0001:0002ee50       atexit                     000000018002fe50 f   MSVCRT:atonexit.obj
 0001:0002ee68       __security_init_cookie     000000018002fe68 f   MSVCRT:gs_support.obj
 0001:0002ef20       DllMain                    000000018002ff20 f   MSVCRT:dllmain.obj
 0001:0002ef44       _malloc_crt                000000018002ff44 f   MSVCRT:MSVCR110.dll
 0001:0002ef4c       _RTC_Initialize            000000018002ff4c f   MSVCRT:initsect.obj
 0001:0002ef84       _RTC_Terminate             000000018002ff84 f   MSVCRT:initsect.obj
 0001:0002efbc       _initterm                  000000018002ffbc f   MSVCRT:MSVCR110.dll
 0001:0002efc2       _initterm_e                000000018002ffc2 f   MSVCRT:MSVCR110.dll
 0001:0002efc8       __clean_type_info_names    000000018002ffc8 f   MSVCRT:tncleanup.obj
 0001:0002efd4       __C_specific_handler       000000018002ffd4 f   MSVCRT:MSVCR110.dll
 0001:0002efda       _lock                      000000018002ffda f   MSVCRT:MSVCR110.dll
 0001:0002efe0       _unlock                    000000018002ffe0 f   MSVCRT:MSVCR110.dll
 0001:0002efe6       _calloc_crt                000000018002ffe6 f   MSVCRT:MSVCR110.dll
 0001:0002efec       __dllonexit                000000018002ffec f   MSVCRT:MSVCR110.dll
 0001:0002eff2       __clean_type_info_names_internal 000000018002fff2 f   MSVCRT:MSVCR110.dll
 0001:0002eff8       IsDebuggerPresent          000000018002fff8 f   kernel32:KERNEL32.dll
 0001:0002effe       IsProcessorFeaturePresent  000000018002fffe f   kernel32:KERNEL32.dll
 0001:0002f004       EncodePointer              0000000180030004 f   kernel32:KERNEL32.dll
 0001:0002f00a       DecodePointer              000000018003000a f   kernel32:KERNEL32.dll
 0001:0002f010       QueryPerformanceCounter    0000000180030010 f   kernel32:KERNEL32.dll
 0001:0002f016       GetCurrentThreadId         0000000180030016 f   kernel32:KERNEL32.dll
 0001:0002f01c       GetSystemTimeAsFileTime    000000018003001c f   kernel32:KERNEL32.dll
 0001:0002f022       GetTickCount64             0000000180030022 f   kernel32:KERNEL32.dll
 0001:0002f028       DisableThreadLibraryCalls  0000000180030028 f   kernel32:KERNEL32.dll
 0002:00000000       __imp_GetTickCount64       0000000180031000     kernel32:KERNEL32.dll
 0002:00000008       __imp_GetSystemTimeAsFileTime 0000000180031008     kernel32:KERNEL32.dll
 0002:00000010       __imp_GetCurrentThreadId   0000000180031010     kernel32:KERNEL32.dll
 0002:00000018       __imp_QueryPerformanceCounter 0000000180031018     kernel32:KERNEL32.dll
 0002:00000020       __imp_DecodePointer        0000000180031020     kernel32:KERNEL32.dll
 0002:00000028       __imp_EncodePointer        0000000180031028     kernel32:KERNEL32.dll
 0002:00000030       __imp_IsProcessorFeaturePresent 0000000180031030     kernel32:KERNEL32.dll
 0002:00000038       __imp_IsDebuggerPresent    0000000180031038     kernel32:KERNEL32.dll
 0002:00000040       __imp_DisableThreadLibraryCalls 0000000180031040     kernel32:KERNEL32.dll
 0002:00000048       \177KERNEL32_NULL_THUNK_DATA 0000000180031048     kernel32:KERNEL32.dll
 0002:00000050       __imp___clean_type_info_names_internal 0000000180031050     MSVCRT:MSVCR110.dll
 0002:00000058       __imp__onexit              0000000180031058     MSVCRT:MSVCR110.dll
 0002:00000060       __imp___dllonexit          0000000180031060     MSVCRT:MSVCR110.dll
 0002:00000068       __imp__calloc_crt          0000000180031068     MSVCRT:MSVCR110.dll
 0002:00000070       __imp__unlock              0000000180031070     MSVCRT:MSVCR110.dll
 0002:00000078       __imp__lock                0000000180031078     MSVCRT:MSVCR110.dll
 0002:00000080       __imp___C_specific_handler 0000000180031080     MSVCRT:MSVCR110.dll
 0002:00000088       __imp__initterm_e          0000000180031088     MSVCRT:MSVCR110.dll
 0002:00000090       __imp__initterm            0000000180031090     MSVCRT:MSVCR110.dll
 0002:00000098       __imp__malloc_crt          0000000180031098     MSVCRT:MSVCR110.dll
 0002:000000a0       __imp__amsg_exit           00000001800310a0     MSVCRT:MSVCR110.dll
 0002:000000a8       __imp___CppXcptFilter      00000001800310a8     MSVCRT:MSVCR110.dll
 0002:000000b0       __imp___crtCapturePreviousContext 00000001800310b0     MSVCRT:MSVCR110.dll
 0002:000000b8       __imp___crtCaptureCurrentContext 00000001800310b8     MSVCRT:MSVCR110.dll
 0002:000000c0       __imp___crtTerminateProcess 00000001800310c0     MSVCRT:MSVCR110.dll
 0002:000000c8       __imp___crtUnhandledException 00000001800310c8     MSVCRT:MSVCR110.dll
 0002:000000d0       __imp___crt_debugger_hook  00000001800310d0     MSVCRT:MSVCR110.dll
 0002:000000d8       __imp_memset               00000001800310d8     MSVCRT:MSVCR110.dll
 0002:000000e0       __imp_malloc               00000001800310e0     MSVCRT:MSVCR110.dll
 0002:000000e8       __imp_free                 00000001800310e8     MSVCRT:MSVCR110.dll
 0002:000000f0       __imp_sprintf              00000001800310f0     MSVCRT:MSVCR110.dll
 0002:000000f8       __imp_strlen               00000001800310f8     MSVCRT:MSVCR110.dll
 0002:00000100       __imp_strcat               0000000180031100     MSVCRT:MSVCR110.dll
 0002:00000108       __imp_memcpy               0000000180031108     MSVCRT:MSVCR110.dll
 0002:00000110       __imp_strcmp               0000000180031110     MSVCRT:MSVCR110.dll
 0002:00000118       \177MSVCR110_NULL_THUNK_DATA 0000000180031118     MSVCRT:MSVCR110.dll
 0002:00000120       __imp_mexIsLocked          0000000180031120     libmex:libmex.dll
 0002:00000128       __imp_mexUnlock            0000000180031128     libmex:libmex.dll
 0002:00000130       __imp_mexLock              0000000180031130     libmex:libmex.dll
 0002:00000138       __imp_mexCallMATLABWithObject 0000000180031138     libmex:libmex.dll
 0002:00000140       __imp_mexWarnMsgTxt        0000000180031140     libmex:libmex.dll
 0002:00000148       __imp_mexErrMsgTxt         0000000180031148     libmex:libmex.dll
 0002:00000150       __imp_mexMakeArrayPersistent 0000000180031150     libmex:libmex.dll
 0002:00000158       \177libmex_NULL_THUNK_DATA 0000000180031158     libmex:libmex.dll
 0002:00000160       __imp_mxCreateStructArray_730 0000000180031160     libmx:libmx.dll
 0002:00000168       __imp_mxCreateStructMatrix_730 0000000180031168     libmx:libmx.dll
 0002:00000170       __imp_mxCreateCellArray_730 0000000180031170     libmx:libmx.dll
 0002:00000178       __imp_mxCreateCellMatrix_730 0000000180031178     libmx:libmx.dll
 0002:00000180       __imp_mxCreateDoubleScalar 0000000180031180     libmx:libmx.dll
 0002:00000188       __imp_mxSetField_730       0000000180031188     libmx:libmx.dll
 0002:00000190       __imp_mxDuplicateArray     0000000180031190     libmx:libmx.dll
 0002:00000198       __imp_mxCreateString       0000000180031198     libmx:libmx.dll
 0002:000001a0       __imp_mxGetN               00000001800311a0     libmx:libmx.dll
 0002:000001a8       __imp_mxIsComplex          00000001800311a8     libmx:libmx.dll
 0002:000001b0       __imp_mxIsNumeric          00000001800311b0     libmx:libmx.dll
 0002:000001b8       __imp_mxGetClassID         00000001800311b8     libmx:libmx.dll
 0002:000001c0       __imp_mxGetM               00000001800311c0     libmx:libmx.dll
 0002:000001c8       __imp_mxCalloc             00000001800311c8     libmx:libmx.dll
 0002:000001d0       __imp_mxGetString_730      00000001800311d0     libmx:libmx.dll
 0002:000001d8       __imp_mxCreateLogicalScalar 00000001800311d8     libmx:libmx.dll
 0002:000001e0       __imp_mxCreateDoubleMatrix_730 00000001800311e0     libmx:libmx.dll
 0002:000001e8       __imp_mxDestroyArray       00000001800311e8     libmx:libmx.dll
 0002:000001f0       __imp_mxGetPr              00000001800311f0     libmx:libmx.dll
 0002:000001f8       __imp_mxIsChar             00000001800311f8     libmx:libmx.dll
 0002:00000200       __imp_mxGetScalar          0000000180031200     libmx:libmx.dll
 0002:00000208       \177libmx_NULL_THUNK_DATA  0000000180031208     libmx:libmx.dll
 0002:00000210       __imp_utMalloc             0000000180031210     libut:libut.dll
 0002:00000218       __imp_utFree               0000000180031218     libut:libut.dll
 0002:00000220       \177libut_NULL_THUNK_DATA  0000000180031220     libut:libut.dll
 0002:00000228       __imp_sf_debug_cv_init_trans 0000000180031228     sf_runtime:sf_runtime.dll
 0002:00000230       __imp_call_sf_machine_global_method_dispatcher 0000000180031230     sf_runtime:sf_runtime.dll
 0002:00000238       __imp_sf_debug_set_chart_state_info 0000000180031238     sf_runtime:sf_runtime.dll
 0002:00000240       __imp_sf_debug_set_chart_event_thresholds 0000000180031240     sf_runtime:sf_runtime.dll
 0002:00000248       __imp_sf_debug_set_chart_disable_implicit_casting 0000000180031248     sf_runtime:sf_runtime.dll
 0002:00000250       __imp_sf_mex_error_direct_call 0000000180031250     sf_runtime:sf_runtime.dll
 0002:00000258       __imp_sf_debug_set_instance_data_value_ptr 0000000180031258     sf_runtime:sf_runtime.dll
 0002:00000260       __imp_sf_debug_symbol_scope_add_eml_importable 0000000180031260     sf_runtime:sf_runtime.dll
 0002:00000268       __imp_sf_debug_symbol_scope_add_eml 0000000180031268     sf_runtime:sf_runtime.dll
 0002:00000270       __imp_sf_debug_symbol_scope_pop 0000000180031270     sf_runtime:sf_runtime.dll
 0002:00000278       __imp_sf_debug_symbol_scope_push_eml 0000000180031278     sf_runtime:sf_runtime.dll
 0002:00000280       __imp_sf_debug_symbol_scope_push 0000000180031280     sf_runtime:sf_runtime.dll
 0002:00000288       __imp_sf_debug_set_chart_data_compiled_props 0000000180031288     sf_runtime:sf_runtime.dll
 0002:00000290       __imp_sf_debug_set_chart_data_props 0000000180031290     sf_runtime:sf_runtime.dll
 0002:00000298       __imp_sf_debug_check_for_state_inconsistency 0000000180031298     sf_runtime:sf_runtime.dll
 0002:000002a0       __imp_sf_debug_data_range_wrapper 00000001800312a0     sf_runtime:sf_runtime.dll
 0002:000002a8       __imp_cv_eml_init_relational 00000001800312a8     sf_runtime:sf_runtime.dll
 0002:000002b0       __imp_cv_eml_init_if       00000001800312b0     sf_runtime:sf_runtime.dll
 0002:000002b8       __imp_cv_eml_init_fcn      00000001800312b8     sf_runtime:sf_runtime.dll
 0002:000002c0       __imp_cv_eml_init_script   00000001800312c0     sf_runtime:sf_runtime.dll
 0002:000002c8       __imp_cv_eval_relational   00000001800312c8     sf_runtime:sf_runtime.dll
 0002:000002d0       __imp_cv_eml_eval          00000001800312d0     sf_runtime:sf_runtime.dll
 0002:000002d8       __imp_eml_debug_line_call  00000001800312d8     sf_runtime:sf_runtime.dll
 0002:000002e0       __imp_sf_debug_call        00000001800312e0     sf_runtime:sf_runtime.dll
 0002:000002e8       __imp_sf_debug_initialize_chart 00000001800312e8     sf_runtime:sf_runtime.dll
 0002:000002f0       __imp_ssGetOutputPortSignal_wrapper 00000001800312f0     sf_runtime:sf_runtime.dll
 0002:000002f8       __imp_ssGetInputPortSignal_wrapper 00000001800312f8     sf_runtime:sf_runtime.dll
 0002:00000300       __imp_sf_mex_decode_encoded_mx_struct_array 0000000180031300     sf_runtime:sf_runtime.dll
 0002:00000308       __imp_sf_mex_import_named  0000000180031308     sf_runtime:sf_runtime.dll
 0002:00000310       __imp_sf_mex_import        0000000180031310     sf_runtime:sf_runtime.dll
 0002:00000318       __imp_sf_mex_destroy       0000000180031318     sf_runtime:sf_runtime.dll
 0002:00000320       __imp_sf_mex_dup           0000000180031320     sf_runtime:sf_runtime.dll
 0002:00000328       __imp_sf_mex_assign        0000000180031328     sf_runtime:sf_runtime.dll
 0002:00000330       __imp_sf_debug_set_chart_substate_count 0000000180031330     sf_runtime:sf_runtime.dll
 0002:00000338       __imp_sf_debug_reset_current_state_configuration 0000000180031338     sf_runtime:sf_runtime.dll
 0002:00000340       __imp_sf_debug_set_chart_decomposition 0000000180031340     sf_runtime:sf_runtime.dll
 0002:00000348       __imp_sf_mex_getcell       0000000180031348     sf_runtime:sf_runtime.dll
 0002:00000350       __imp_sf_mex_setcell       0000000180031350     sf_runtime:sf_runtime.dll
 0002:00000358       __imp_sf_mex_createcellmatrix 0000000180031358     sf_runtime:sf_runtime.dll
 0002:00000360       __imp_sf_mex_create        0000000180031360     sf_runtime:sf_runtime.dll
 0002:00000368       __imp_sf_mex_error_message 0000000180031368     sf_runtime:sf_runtime.dll
 0002:00000370       __imp_sf_mex_call_debug    0000000180031370     sf_runtime:sf_runtime.dll
 0002:00000378       __imp_sf_set_chart_accesses_machine_info 0000000180031378     sf_runtime:sf_runtime.dll
 0002:00000380       __imp_sf_is_first_init_cond 0000000180031380     sf_runtime:sf_runtime.dll
 0002:00000388       __imp_sf_get_time          0000000180031388     sf_runtime:sf_runtime.dll
 0002:00000390       __imp_sf_set_rtw_dwork_info 0000000180031390     sf_runtime:sf_runtime.dll
 0002:00000398       __imp_sf_clear_rtw_identifier 0000000180031398     sf_runtime:sf_runtime.dll
 0002:000003a0       __imp_sf_mex_get_sfun_param 00000001800313a0     sf_runtime:sf_runtime.dll
 0002:000003a8       __imp_sim_mode_is_external 00000001800313a8     sf_runtime:sf_runtime.dll
 0002:000003b0       __imp_sf_mark_chart_expressionable_inputs 00000001800313b0     sf_runtime:sf_runtime.dll
 0002:000003b8       __imp_sf_mark_chart_reusable_outputs 00000001800313b8     sf_runtime:sf_runtime.dll
 0002:000003c0       __imp_sf_is_chart_inlinable 00000001800313c0     sf_runtime:sf_runtime.dll
 0002:000003c8       __imp_sf_update_buildInfo  00000001800313c8     sf_runtime:sf_runtime.dll
 0002:000003d0       __imp_sf_rtw_info_uint_prop 00000001800313d0     sf_runtime:sf_runtime.dll
 0002:000003d8       __imp_sf_get_chart_instance_ptr 00000001800313d8     sf_runtime:sf_runtime.dll
 0002:000003e0       __imp_sf_free_ChartRunTimeInfo 00000001800313e0     sf_runtime:sf_runtime.dll
 0002:000003e8       __imp_sf_init_ChartRunTimeInfo 00000001800313e8     sf_runtime:sf_runtime.dll
 0002:000003f0       __imp_sf_debug_api         00000001800313f0     sf_runtime:sf_runtime.dll
 0002:000003f8       __imp_sf_debug_terminate   00000001800313f8     sf_runtime:sf_runtime.dll
 0002:00000400       __imp_sf_debug_create_debug_instance_struct 0000000180031400     sf_runtime:sf_runtime.dll
 0002:00000408       __imp_sf_clear_error_manager_info 0000000180031408     sf_runtime:sf_runtime.dll
 0002:00000410       __imp_sf_debug_cv_init_state 0000000180031410     sf_runtime:sf_runtime.dll
 0002:00000418       __imp_sim_mode_is_rtw_gen  0000000180031418     sf_runtime:sf_runtime.dll
 0002:00000420       __imp_callMdlMethodAndReportError 0000000180031420     sf_runtime:sf_runtime.dll
 0002:00000428       __imp_sf_set_compiledInfo  0000000180031428     sf_runtime:sf_runtime.dll
 0002:00000430       __imp_sf_get_isEnhancedMooreMachine 0000000180031430     sf_runtime:sf_runtime.dll
 0002:00000438       __imp_sf_get_ChartInfoStruct_CodeGen 0000000180031438     sf_runtime:sf_runtime.dll
 0002:00000440       __imp_sf_debug_set_machine_data_thresholds 0000000180031440     sf_runtime:sf_runtime.dll
 0002:00000448       __imp_sf_debug_set_machine_event_thresholds 0000000180031448     sf_runtime:sf_runtime.dll
 0002:00000450       __imp_sf_debug_initialize_machine 0000000180031450     sf_runtime:sf_runtime.dll
 0002:00000458       __imp_sf_debug_cv_init_chart 0000000180031458     sf_runtime:sf_runtime.dll
 0002:00000460       __imp_sf_load_rtw_optimization_info 0000000180031460     sf_runtime:sf_runtime.dll
 0002:00000468       \177sf_runtime_NULL_THUNK_DATA 0000000180031468     sf_runtime:sf_runtime.dll
 0002:00000470       __xc_a                     0000000180031470     MSVCRT:cinitexe.obj
 0002:00000478       __xc_z                     0000000180031478     MSVCRT:cinitexe.obj
 0002:00000480       __xi_a                     0000000180031480     MSVCRT:cinitexe.obj
 0002:00000498       __xi_z                     0000000180031498     MSVCRT:cinitexe.obj
 0002:000004a0       __real@414646b580000000    00000001800314a0     ABS_mpccontroller_sfun.obj
 0002:000004a8       __real@419f09aca4000000    00000001800314a8     ABS_mpccontroller_sfun.obj
 0002:000004b0       __real@41c7f74183000000    00000001800314b0     ABS_mpccontroller_sfun.obj
 0002:000004b8       __real@41ccb63221800000    00000001800314b8     ABS_mpccontroller_sfun.obj
 0002:000004c0       __real@41d147f28dc00000    00000001800314c0     ABS_mpccontroller_sfun.obj
 0002:000004c8       __real@41d37f6c94c00000    00000001800314c8     ABS_mpccontroller_sfun.obj
 0002:000004d0       __real@41d4e0c765000000    00000001800314d0     ABS_mpccontroller_sfun.obj
 0002:000004d8       __real@41da2317f3000000    00000001800314d8     ABS_mpccontroller_sfun.obj
 0002:000004e0       __real@41dca60a9f000000    00000001800314e0     ABS_mpccontroller_sfun.obj
 0002:000004e8       __real@41ddfe3cb0000000    00000001800314e8     ABS_mpccontroller_sfun.obj
 0002:000004f0       __real@41e6d34579e00000    00000001800314f0     ABS_mpccontroller_sfun.obj
 0002:000004f8       __real@41eed547f4600000    00000001800314f8     ABS_mpccontroller_sfun.obj
 0002:00000500       DYNAMIC_DIMENSION_DEF      0000000180031500     ABS_mpccontroller_sfun_registry.obj
 0002:00000520       _ssBadLevel2InputAccessMsg 0000000180031520     ABS_mpccontroller_sfun_registry.obj
 0002:000006b0       _ssBadLevel2DirectFeedMsg  00000001800316b0     ABS_mpccontroller_sfun_registry.obj
 0002:000007f0       _ssBadLevel2DirectFeedSolutionMsg 00000001800317f0     ABS_mpccontroller_sfun_registry.obj
 0002:00000860       _ssBadLevel2ZeroDirectFeedMsg 0000000180031860     ABS_mpccontroller_sfun_registry.obj
 0002:000009a0       _ssBadLevel2ZeroDirectFeedMsg2 00000001800319a0     ABS_mpccontroller_sfun_registry.obj
 0002:00000a88       __real@0000000000000000    0000000180031a88     ABS_mpccontroller_sfun_registry.obj
 0002:00000a90       __real@41602cbca0000000    0000000180031a90     ABS_mpccontroller_sfun_registry.obj
 0002:00000a98       __real@bff0000000000000    0000000180031a98     ABS_mpccontroller_sfun_registry.obj
 0002:00000aa0       __real@41e6a34ceb200000    0000000180031aa0     mpclib_sfun:mpclib_sfun.obj
 0002:00000aa8       __real@41eac5f9ae400000    0000000180031aa8     mpclib_sfun:mpclib_sfun.obj
 0002:00000ab0       __real@41ebdcaa14400000    0000000180031ab0     mpclib_sfun:mpclib_sfun.obj
 0002:00000ab8       __real@41efd77294000000    0000000180031ab8     mpclib_sfun:mpclib_sfun.obj
 0002:00000ac0       __real@3efe870d25118d88    0000000180031ac0     mpclib_sfun:c3_mpclib.obj
 0002:00000ac8       __real@3f06a1aebf29a5c2    0000000180031ac8     mpclib_sfun:c3_mpclib.obj
 0002:00000ad0       __real@3f096b01f3cfcbd9    0000000180031ad0     mpclib_sfun:c3_mpclib.obj
 0002:00000ad8       __real@3f3119ea394fa51f    0000000180031ad8     mpclib_sfun:c3_mpclib.obj
 0002:00000ae0       __real@3f690d0734f69c47    0000000180031ae0     mpclib_sfun:c3_mpclib.obj
 0002:00000ae8       __real@3f91141470d12f8e    0000000180031ae8     mpclib_sfun:c3_mpclib.obj
 0002:00000af0       __real@3ff0000000000000    0000000180031af0     mpclib_sfun:c3_mpclib.obj
 0002:00000af8       __real@4000000000000000    0000000180031af8     mpclib_sfun:c3_mpclib.obj
 0002:00000b00       __real@4008000000000000    0000000180031b00     mpclib_sfun:c3_mpclib.obj
 0002:00000b08       __real@401c000000000000    0000000180031b08     mpclib_sfun:c3_mpclib.obj
 0002:00000b10       __real@4020000000000000    0000000180031b10     mpclib_sfun:c3_mpclib.obj
 0002:00000b18       __real@4024000000000000    0000000180031b18     mpclib_sfun:c3_mpclib.obj
 0002:00000b20       __real@4026000000000000    0000000180031b20     mpclib_sfun:c3_mpclib.obj
 0002:00000b28       __real@40543b8a1c1a4892    0000000180031b28     mpclib_sfun:c3_mpclib.obj
 0002:00000b30       __real@4056c00000000000    0000000180031b30     mpclib_sfun:c3_mpclib.obj
 0002:00000b38       __real@405e000000000000    0000000180031b38     mpclib_sfun:c3_mpclib.obj
 0002:00000b40       __real@40c007c504816f00    0000000180031b40     mpclib_sfun:c3_mpclib.obj
 0002:00000b48       __real@41dc09ded3800000    0000000180031b48     mpclib_sfun:c3_mpclib.obj
 0002:00000b50       __real@41de45bf26000000    0000000180031b50     mpclib_sfun:c3_mpclib.obj
 0002:00000b58       __real@41e1969c8be00000    0000000180031b58     mpclib_sfun:c3_mpclib.obj
 0002:00000b60       __real@41e72d9760200000    0000000180031b60     mpclib_sfun:c3_mpclib.obj
 0002:00000b68       __real@8000000000000000    0000000180031b68     mpclib_sfun:c3_mpclib.obj
 0002:00000b70       __real@c028c212e8eca9e8    0000000180031b70     mpclib_sfun:c3_mpclib.obj
 0002:00000b78       __real@c0c0084504816f00    0000000180031b78     mpclib_sfun:c3_mpclib.obj
 0002:00000b90       _pRawDllMain               0000000180031b90     MSVCRT:crtdll.obj
 0002:00000b90       _pDefaultRawDllMain        0000000180031b90     MSVCRT:crtdll.obj
 0002:00000b98       ?ProcessDetach@NativeDll@<CrtImplementationDetails>@@0IB 0000000180031b98     MSVCRT:initsect.obj
 0002:00000b9c       ?ProcessAttach@NativeDll@<CrtImplementationDetails>@@0IB 0000000180031b9c     MSVCRT:initsect.obj
 0002:00000ba0       ?ThreadAttach@NativeDll@<CrtImplementationDetails>@@0IB 0000000180031ba0     MSVCRT:initsect.obj
 0002:00000ba4       ?ThreadDetach@NativeDll@<CrtImplementationDetails>@@0IB 0000000180031ba4     MSVCRT:initsect.obj
 0002:00000ba8       ?ProcessVerifier@NativeDll@<CrtImplementationDetails>@@0IB 0000000180031ba8     MSVCRT:initsect.obj
 0002:00000bac       ?value@?$integral_constant@_N$0A@@std@@2_NB 0000000180031bac     MSVCRT:tncleanup.obj
 0002:00000bad       ?value@?$integral_constant@_N$00@std@@2_NB 0000000180031bad     MSVCRT:tncleanup.obj
 0002:00000bb0       ?value@?$_Sizeof@U_Nil@std@@U12@U12@U12@U12@U12@U12@U12@@std@@2_KB 0000000180031bb0     MSVCRT:tncleanup.obj
 0002:00000bc0       _load_config_used          0000000180031bc0     MSVCRT:loadcfg.obj
 0002:00000c30       __rtc_iaa                  0000000180031c30     MSVCRT:initsect.obj
 0002:00000c38       __rtc_izz                  0000000180031c38     MSVCRT:initsect.obj
 0002:00000c40       __rtc_taa                  0000000180031c40     MSVCRT:initsect.obj
 0002:00000c48       __rtc_tzz                  0000000180031c48     MSVCRT:initsect.obj
 0002:000016f0       __IMPORT_DESCRIPTOR_sf_runtime 00000001800326f0     sf_runtime:sf_runtime.dll
 0002:00001704       __IMPORT_DESCRIPTOR_libmx  0000000180032704     libmx:libmx.dll
 0002:00001718       __IMPORT_DESCRIPTOR_libmex 0000000180032718     libmex:libmex.dll
 0002:0000172c       __IMPORT_DESCRIPTOR_libut  000000018003272c     libut:libut.dll
 0002:00001740       __IMPORT_DESCRIPTOR_MSVCR110 0000000180032740     MSVCRT:MSVCR110.dll
 0002:00001754       __IMPORT_DESCRIPTOR_KERNEL32 0000000180032754     kernel32:KERNEL32.dll
 0002:00001768       __NULL_IMPORT_DESCRIPTOR   0000000180032768     sf_runtime:sf_runtime.dll
 0003:00000900       DYNAMIC_DIMENSION          0000000180034900     ABS_mpccontroller_sfun_registry.obj
 0003:000064f0       __security_cookie          000000018003a4f0     MSVCRT:gs_cookie.obj
 0003:000064f8       __security_cookie_complement 000000018003a4f8     MSVCRT:gs_cookie.obj
 0003:00006500       _fltused                   000000018003a500     MSVCRT:dllsupp.obj
 0003:00006510       __native_dllmain_reason    000000018003a510     MSVCRT:natstart.obj
 0003:00006538       sfGlobalDebugInstanceStruct 000000018003a538     ABS_mpccontroller_sfun_registry.obj
 0003:00006b98       ?__type_info_root_node@@3U__type_info_node@@A 000000018003ab98     MSVCRT:tncleanup.obj
 0003:00006ba8       _ABS_mpccontrollerMachineNumber_ 000000018003aba8     <common>
 0003:00006bac       _mpclibMachineNumber_      000000018003abac     <common>
 0003:00006bb0       __native_startup_lock      000000018003abb0     <common>
 0003:00006bb8       __native_startup_state     000000018003abb8     <common>
 0003:00006bc0       __onexitend                000000018003abc0     <common>
 0003:00006bc8       __onexitbegin              000000018003abc8     <common>
 0003:00006bd0       __dyn_tls_init_callback    000000018003abd0     <common>

 entry point at        0001:0002ea6c

 Static symbols

 0000:00000000       .debug$S                   0000000180000000     kernel32:KERNEL32.dll
 0000:00000000       .debug$S                   0000000180000000     kernel32:KERNEL32.dll
 0000:00000000       .debug$S                   0000000180000000     kernel32:KERNEL32.dll
 0000:00000000       .debug$S                   0000000180000000     kernel32:KERNEL32.dll
 0000:00000000       .debug$S                   0000000180000000     kernel32:KERNEL32.dll
 0000:00000000       .debug$S                   0000000180000000     kernel32:KERNEL32.dll
 0000:00000000       .debug$S                   0000000180000000     kernel32:KERNEL32.dll
 0000:00000000       .debug$S                   0000000180000000     kernel32:KERNEL32.dll
 0000:00000000       .debug$S                   0000000180000000     kernel32:KERNEL32.dll
 0000:00000000       .debug$S                   0000000180000000     sf_runtime:sf_runtime.dll
 0000:00000000       .debug$S                   0000000180000000     MSVCRT:MSVCR110.dll
 0000:00000000       .debug$S                   0000000180000000     MSVCRT:MSVCR110.dll
 0000:00000000       .debug$S                   0000000180000000     MSVCRT:MSVCR110.dll
 0000:00000000       .debug$S                   0000000180000000     MSVCRT:MSVCR110.dll
 0000:00000000       .debug$S                   0000000180000000     MSVCRT:MSVCR110.dll
 0000:00000000       .debug$S                   0000000180000000     MSVCRT:MSVCR110.dll
 0000:00000000       .debug$S                   0000000180000000     MSVCRT:MSVCR110.dll
 0000:00000000       .debug$S                   0000000180000000     MSVCRT:MSVCR110.dll
 0000:00000000       .debug$S                   0000000180000000     MSVCRT:MSVCR110.dll
 0000:00000000       .debug$S                   0000000180000000     MSVCRT:MSVCR110.dll
 0000:00000000       .debug$S                   0000000180000000     MSVCRT:MSVCR110.dll
 0000:00000000       .debug$S                   0000000180000000     MSVCRT:MSVCR110.dll
 0000:00000000       .debug$S                   0000000180000000     MSVCRT:MSVCR110.dll
 0000:00000000       .debug$S                   0000000180000000     MSVCRT:MSVCR110.dll
 0000:00000000       .debug$S                   0000000180000000     MSVCRT:MSVCR110.dll
 0000:00000000       .debug$S                   0000000180000000     MSVCRT:MSVCR110.dll
 0000:00000000       .debug$S                   0000000180000000     MSVCRT:MSVCR110.dll
 0000:00000000       .debug$S                   0000000180000000     MSVCRT:MSVCR110.dll
 0000:00000000       .debug$S                   0000000180000000     MSVCRT:MSVCR110.dll
 0000:00000000       .debug$S                   0000000180000000     MSVCRT:MSVCR110.dll
 0000:00000000       .debug$S                   0000000180000000     MSVCRT:MSVCR110.dll
 0000:00000000       .debug$S                   0000000180000000     MSVCRT:MSVCR110.dll
 0000:00000000       .debug$S                   0000000180000000     MSVCRT:MSVCR110.dll
 0000:00000000       .debug$S                   0000000180000000     MSVCRT:MSVCR110.dll
 0000:00000000       .debug$S                   0000000180000000     MSVCRT:MSVCR110.dll
 0000:00000000       .debug$S                   0000000180000000     sf_runtime:sf_runtime.dll
 0000:00000000       .debug$S                   0000000180000000     sf_runtime:sf_runtime.dll
 0000:00000000       .debug$S                   0000000180000000     sf_runtime:sf_runtime.dll
 0000:00000000       .debug$S                   0000000180000000     sf_runtime:sf_runtime.dll
 0000:00000000       .debug$S                   0000000180000000     sf_runtime:sf_runtime.dll
 0000:00000000       .debug$S                   0000000180000000     sf_runtime:sf_runtime.dll
 0000:00000000       .debug$S                   0000000180000000     sf_runtime:sf_runtime.dll
 0000:00000000       .debug$S                   0000000180000000     sf_runtime:sf_runtime.dll
 0000:00000000       .debug$S                   0000000180000000     sf_runtime:sf_runtime.dll
 0000:00000000       .debug$S                   0000000180000000     sf_runtime:sf_runtime.dll
 0000:00000000       .debug$S                   0000000180000000     sf_runtime:sf_runtime.dll
 0000:00000000       .debug$S                   0000000180000000     sf_runtime:sf_runtime.dll
 0000:00000000       .debug$S                   0000000180000000     sf_runtime:sf_runtime.dll
 0000:00000000       .debug$S                   0000000180000000     sf_runtime:sf_runtime.dll
 0000:00000000       .debug$S                   0000000180000000     sf_runtime:sf_runtime.dll
 0000:00000000       .debug$S                   0000000180000000     sf_runtime:sf_runtime.dll
 0000:00000000       .debug$S                   0000000180000000     sf_runtime:sf_runtime.dll
 0000:00000000       .debug$S                   0000000180000000     sf_runtime:sf_runtime.dll
 0000:00000000       .debug$S                   0000000180000000     sf_runtime:sf_runtime.dll
 0000:00000000       .debug$S                   0000000180000000     sf_runtime:sf_runtime.dll
 0000:00000000       .debug$S                   0000000180000000     sf_runtime:sf_runtime.dll
 0000:00000000       .debug$S                   0000000180000000     sf_runtime:sf_runtime.dll
 0000:00000000       .debug$S                   0000000180000000     sf_runtime:sf_runtime.dll
 0000:00000000       .debug$S                   0000000180000000     sf_runtime:sf_runtime.dll
 0000:00000000       .debug$S                   0000000180000000     sf_runtime:sf_runtime.dll
 0000:00000000       .debug$S                   0000000180000000     sf_runtime:sf_runtime.dll
 0000:00000000       .debug$S                   0000000180000000     sf_runtime:sf_runtime.dll
 0000:00000000       .debug$S                   0000000180000000     sf_runtime:sf_runtime.dll
 0000:00000000       .debug$S                   0000000180000000     sf_runtime:sf_runtime.dll
 0000:00000000       .debug$S                   0000000180000000     sf_runtime:sf_runtime.dll
 0000:00000000       .debug$S                   0000000180000000     sf_runtime:sf_runtime.dll
 0000:00000000       .debug$S                   0000000180000000     sf_runtime:sf_runtime.dll
 0000:00000000       .debug$S                   0000000180000000     sf_runtime:sf_runtime.dll
 0000:00000000       .debug$S                   0000000180000000     sf_runtime:sf_runtime.dll
 0000:00000000       .debug$S                   0000000180000000     sf_runtime:sf_runtime.dll
 0000:00000000       .debug$S                   0000000180000000     sf_runtime:sf_runtime.dll
 0000:00000000       .debug$S                   0000000180000000     sf_runtime:sf_runtime.dll
 0000:00000000       .debug$S                   0000000180000000     sf_runtime:sf_runtime.dll
 0000:00000000       .debug$S                   0000000180000000     libut:libut.dll
 0000:00000000       .debug$S                   0000000180000000     libut:libut.dll
 0000:00000000       .debug$S                   0000000180000000     sf_runtime:sf_runtime.dll
 0000:00000000       .debug$S                   0000000180000000     libmex:libmex.dll
 0000:00000000       .debug$S                   0000000180000000     libmex:libmex.dll
 0000:00000000       .debug$S                   0000000180000000     libmex:libmex.dll
 0000:00000000       .debug$S                   0000000180000000     libmex:libmex.dll
 0000:00000000       .debug$S                   0000000180000000     libmex:libmex.dll
 0000:00000000       .debug$S                   0000000180000000     libmex:libmex.dll
 0000:00000000       .debug$S                   0000000180000000     libmex:libmex.dll
 0000:00000000       .debug$S                   0000000180000000     sf_runtime:sf_runtime.dll
 0000:00000000       .debug$S                   0000000180000000     libmx:libmx.dll
 0000:00000000       .debug$S                   0000000180000000     libmx:libmx.dll
 0000:00000000       .debug$S                   0000000180000000     libmx:libmx.dll
 0000:00000000       .debug$S                   0000000180000000     libmx:libmx.dll
 0000:00000000       .debug$S                   0000000180000000     libmx:libmx.dll
 0000:00000000       .debug$S                   0000000180000000     libmx:libmx.dll
 0000:00000000       .debug$S                   0000000180000000     libmx:libmx.dll
 0000:00000000       .debug$S                   0000000180000000     libmx:libmx.dll
 0000:00000000       .debug$S                   0000000180000000     libmx:libmx.dll
 0000:00000000       .debug$S                   0000000180000000     libmx:libmx.dll
 0000:00000000       .debug$S                   0000000180000000     libmx:libmx.dll
 0000:00000000       .debug$S                   0000000180000000     libmx:libmx.dll
 0000:00000000       .debug$S                   0000000180000000     libmx:libmx.dll
 0000:00000000       .debug$S                   0000000180000000     libmx:libmx.dll
 0000:00000000       .debug$S                   0000000180000000     libmx:libmx.dll
 0000:00000000       .debug$S                   0000000180000000     libmx:libmx.dll
 0000:00000000       .debug$S                   0000000180000000     libmx:libmx.dll
 0000:00000000       .debug$S                   0000000180000000     libmx:libmx.dll
 0000:00000000       .debug$S                   0000000180000000     libmx:libmx.dll
 0000:00000000       .debug$S                   0000000180000000     libmx:libmx.dll
 0000:00000000       .debug$S                   0000000180000000     libmx:libmx.dll
 0000:00000000       .debug$S                   0000000180000000     sf_runtime:sf_runtime.dll
 0000:00000000       .debug$S                   0000000180000000     sf_runtime:sf_runtime.dll
 0000:00000000       .debug$S                   0000000180000000     sf_runtime:sf_runtime.dll
 0000:00000000       .debug$S                   0000000180000000     sf_runtime:sf_runtime.dll
 0000:00000000       .debug$S                   0000000180000000     sf_runtime:sf_runtime.dll
 0000:00000000       .debug$S                   0000000180000000     sf_runtime:sf_runtime.dll
 0000:00000000       .debug$S                   0000000180000000     sf_runtime:sf_runtime.dll
 0000:00000000       .debug$S                   0000000180000000     sf_runtime:sf_runtime.dll
 0000:00000000       .debug$S                   0000000180000000     sf_runtime:sf_runtime.dll
 0000:00000000       .debug$S                   0000000180000000     sf_runtime:sf_runtime.dll
 0000:00000000       .debug$S                   0000000180000000     sf_runtime:sf_runtime.dll
 0000:00000000       .debug$S                   0000000180000000     sf_runtime:sf_runtime.dll
 0000:00000000       .debug$S                   0000000180000000     sf_runtime:sf_runtime.dll
 0000:00000000       .debug$S                   0000000180000000     sf_runtime:sf_runtime.dll
 0000:00000000       .debug$S                   0000000180000000     sf_runtime:sf_runtime.dll
 0000:00000000       .debug$S                   0000000180000000     sf_runtime:sf_runtime.dll
 0000:00000000       .debug$S                   0000000180000000     sf_runtime:sf_runtime.dll
 0000:00000000       .debug$S                   0000000180000000     sf_runtime:sf_runtime.dll
 0000:00000000       .debug$S                   0000000180000000     sf_runtime:sf_runtime.dll
 0000:00000000       .debug$S                   0000000180000000     sf_runtime:sf_runtime.dll
 0000:00000000       .debug$S                   0000000180000000     sf_runtime:sf_runtime.dll
 0000:00000000       .debug$S                   0000000180000000     sf_runtime:sf_runtime.dll
 0000:00000000       .debug$S                   0000000180000000     sf_runtime:sf_runtime.dll
 0000:00000000       .debug$S                   0000000180000000     sf_runtime:sf_runtime.dll
 0000:00000000       .debug$S                   0000000180000000     sf_runtime:sf_runtime.dll
 0000:00000000       .debug$S                   0000000180000000     sf_runtime:sf_runtime.dll
 0000:00000000       .debug$S                   0000000180000000     sf_runtime:sf_runtime.dll
 0000:00000000       .debug$S                   0000000180000000     sf_runtime:sf_runtime.dll
 0000:00000000       .debug$S                   0000000180000000     sf_runtime:sf_runtime.dll
 0000:00000000       .debug$S                   0000000180000000     sf_runtime:sf_runtime.dll
 0000:00000000       .debug$S                   0000000180000000     sf_runtime:sf_runtime.dll
 0001:00002288       $LN120                     0000000180003288     ABS_mpccontroller_sfun_registry.obj
 0001:00003e54       $LN17                      0000000180004e54     ABS_mpccontroller_sfun_registry.obj
 0001:000043dc       $LN26                      00000001800053dc     ABS_mpccontroller_sfun_registry.obj
 0001:00004ac4       $LN23                      0000000180005ac4     ABS_mpccontroller_sfun_registry.obj
 0001:000050a0       $LN26                      00000001800060a0     ABS_mpccontroller_sfun_registry.obj
 0001:00007420       sf_debug_api_wrapper       0000000180008420 f   ABS_mpccontroller_sfun_registry.obj
 0001:00007470       ProcessMexSfunctionCmdLineCall 0000000180008470 f   ABS_mpccontroller_sfun_registry.obj
 0001:00007880       mdlSetWorkWidths           0000000180008880 f   ABS_mpccontroller_sfun_registry.obj
 0001:000078b0       mdlProcessParameters       00000001800088b0 f   ABS_mpccontroller_sfun_registry.obj
 0001:000078e0       mdl_start_processing       00000001800088e0 f   ABS_mpccontroller_sfun_registry.obj
 0001:00007990       mdl_terminate_processing   0000000180008990 f   ABS_mpccontroller_sfun_registry.obj
 0001:00007a10       mdlStart                   0000000180008a10 f   ABS_mpccontroller_sfun_registry.obj
 0001:00007a40       mdlTerminate               0000000180008a40 f   ABS_mpccontroller_sfun_registry.obj
 0001:00007a70       mdlInitializeSizes         0000000180008a70 f   ABS_mpccontroller_sfun_registry.obj
 0001:00007aa0       mdlInitializeSampleTimes   0000000180008aa0 f   ABS_mpccontroller_sfun_registry.obj
 0001:00007ad0       mdl_outputs_continuous_legacy 0000000180008ad0 f   ABS_mpccontroller_sfun_registry.obj
 0001:00007bd0       mdl_outputs_processing     0000000180008bd0 f   ABS_mpccontroller_sfun_registry.obj
 0001:00007cf0       mdl_zeroCrossings_processing 0000000180008cf0 f   ABS_mpccontroller_sfun_registry.obj
 0001:00007d30       mdlZeroCrossings           0000000180008d30 f   ABS_mpccontroller_sfun_registry.obj
 0001:00007d60       mdl_derivatives_processing 0000000180008d60 f   ABS_mpccontroller_sfun_registry.obj
 0001:00007db0       mdlDerivatives             0000000180008db0 f   ABS_mpccontroller_sfun_registry.obj
 0001:00007de0       mdl_initialize_conditions_processing 0000000180008de0 f   ABS_mpccontroller_sfun_registry.obj
 0001:00007e30       mdlInitializeConditions    0000000180008e30 f   ABS_mpccontroller_sfun_registry.obj
 0001:00007e60       mdl_ext_mode_exec_processing 0000000180008e60 f   ABS_mpccontroller_sfun_registry.obj
 0001:00007ea0       mdlExtModeExec             0000000180008ea0 f   ABS_mpccontroller_sfun_registry.obj
 0001:00007ed0       mdlRTW                     0000000180008ed0 f   ABS_mpccontroller_sfun_registry.obj
 0001:00007f10       mdl_enable_processing      0000000180008f10 f   ABS_mpccontroller_sfun_registry.obj
 0001:00007f50       mdlEnable                  0000000180008f50 f   ABS_mpccontroller_sfun_registry.obj
 0001:00007f80       mdl_disable_processing     0000000180008f80 f   ABS_mpccontroller_sfun_registry.obj
 0001:00007fc0       mdlDisable                 0000000180008fc0 f   ABS_mpccontroller_sfun_registry.obj
 0001:00007ff0       mdlOutputs                 0000000180008ff0 f   ABS_mpccontroller_sfun_registry.obj
 0001:00008020       mdl_update_processing      0000000180009020 f   ABS_mpccontroller_sfun_registry.obj
 0001:00008070       mdlUpdate                  0000000180009070 f   ABS_mpccontroller_sfun_registry.obj
 0001:00008250       mdlGetTimeOfNextVarHit     0000000180009250 f   ABS_mpccontroller_sfun_registry.obj
 0001:000082a0       _RegNumInputPortsCB        00000001800092a0 f   ABS_mpccontroller_sfun_registry.obj
 0001:00008320       _RegNumOutputPortsCB       0000000180009320 f   ABS_mpccontroller_sfun_registry.obj
 0001:000083a0       _CreateSimStruct           00000001800093a0 f   ABS_mpccontroller_sfun_registry.obj
 0001:00008580       _ssFatalError              0000000180009580 f   ABS_mpccontroller_sfun_registry.obj
 0001:00008630       _ProcessMexSfunctionCmdLineCall 0000000180009630 f   ABS_mpccontroller_sfun_registry.obj
 0001:00009f10       chart_debug_initialization 000000018000af10 f   mpclib_sfun:c3_mpclib.obj
 0001:00010c60       chart_debug_initialize_data_addresses 0000000180011c60 f   mpclib_sfun:c3_mpclib.obj
 0001:00012990       initialize_c3_mpclib       0000000180013990 f   mpclib_sfun:c3_mpclib.obj
 0001:00012a00       initialize_params_c3_mpclib 0000000180013a00 f   mpclib_sfun:c3_mpclib.obj
 0001:00015320       enable_c3_mpclib           0000000180016320 f   mpclib_sfun:c3_mpclib.obj
 0001:00015350       disable_c3_mpclib          0000000180016350 f   mpclib_sfun:c3_mpclib.obj
 0001:00015380       c3_update_debugger_state_c3_mpclib 0000000180016380 f   mpclib_sfun:c3_mpclib.obj
 0001:00015390       get_sim_state_c3_mpclib    0000000180016390 f   mpclib_sfun:c3_mpclib.obj
 0001:00015860       set_sim_state_c3_mpclib    0000000180016860 f   mpclib_sfun:c3_mpclib.obj
 0001:00015c00       finalize_c3_mpclib         0000000180016c00 f   mpclib_sfun:c3_mpclib.obj
 0001:00015c10       sf_gateway_c3_mpclib       0000000180016c10 f   mpclib_sfun:c3_mpclib.obj
 0001:00016af0       mdl_start_c3_mpclib        0000000180017af0 f   mpclib_sfun:c3_mpclib.obj
 0001:00016b00       c3_chartstep_c3_mpclib     0000000180017b00 f   mpclib_sfun:c3_mpclib.obj
 0001:0001e360       initSimStructsc3_mpclib    000000018001f360 f   mpclib_sfun:c3_mpclib.obj
 0001:0001e370       init_script_number_translation 000000018001f370 f   mpclib_sfun:c3_mpclib.obj
 0001:0001e390       c3_sf_marshallOut          000000018001f390 f   mpclib_sfun:c3_mpclib.obj
 0001:0001e490       c3_sf_marshallIn           000000018001f490 f   mpclib_sfun:c3_mpclib.obj
 0001:0001e590       c3_b_sf_marshallOut        000000018001f590 f   mpclib_sfun:c3_mpclib.obj
 0001:0001e680       c3_emlrt_marshallIn        000000018001f680 f   mpclib_sfun:c3_mpclib.obj
 0001:0001e6f0       c3_b_emlrt_marshallIn      000000018001f6f0 f   mpclib_sfun:c3_mpclib.obj
 0001:0001e7c0       c3_b_sf_marshallIn         000000018001f7c0 f   mpclib_sfun:c3_mpclib.obj
 0001:0001e8a0       c3_c_sf_marshallOut        000000018001f8a0 f   mpclib_sfun:c3_mpclib.obj
 0001:0001e950       c3_c_sf_marshallIn         000000018001f950 f   mpclib_sfun:c3_mpclib.obj
 0001:0001ea00       c3_d_sf_marshallOut        000000018001fa00 f   mpclib_sfun:c3_mpclib.obj
 0001:0001eb10       c3_d_sf_marshallIn         000000018001fb10 f   mpclib_sfun:c3_mpclib.obj
 0001:0001ec20       c3_e_sf_marshallOut        000000018001fc20 f   mpclib_sfun:c3_mpclib.obj
 0001:0001ed30       c3_f_sf_marshallOut        000000018001fd30 f   mpclib_sfun:c3_mpclib.obj
 0001:0001ee30       c3_g_sf_marshallOut        000000018001fe30 f   mpclib_sfun:c3_mpclib.obj
 0001:0001ef90       c3_h_sf_marshallOut        000000018001ff90 f   mpclib_sfun:c3_mpclib.obj
 0001:0001f0f0       c3_i_sf_marshallOut        00000001800200f0 f   mpclib_sfun:c3_mpclib.obj
 0001:0001f250       c3_j_sf_marshallOut        0000000180020250 f   mpclib_sfun:c3_mpclib.obj
 0001:0001f300       c3_k_sf_marshallOut        0000000180020300 f   mpclib_sfun:c3_mpclib.obj
 0001:0001f410       c3_l_sf_marshallOut        0000000180020410 f   mpclib_sfun:c3_mpclib.obj
 0001:0001f570       c3_m_sf_marshallOut        0000000180020570 f   mpclib_sfun:c3_mpclib.obj
 0001:0001f6d0       c3_n_sf_marshallOut        00000001800206d0 f   mpclib_sfun:c3_mpclib.obj
 0001:0001f830       c3_o_sf_marshallOut        0000000180020830 f   mpclib_sfun:c3_mpclib.obj
 0001:0001f990       c3_p_sf_marshallOut        0000000180020990 f   mpclib_sfun:c3_mpclib.obj
 0001:0001faa0       c3_e_sf_marshallIn         0000000180020aa0 f   mpclib_sfun:c3_mpclib.obj
 0001:0001fbb0       c3_c_emlrt_marshallIn      0000000180020bb0 f   mpclib_sfun:c3_mpclib.obj
 0001:0001fc40       c3_f_sf_marshallIn         0000000180020c40 f   mpclib_sfun:c3_mpclib.obj
 0001:0001fcf0       c3_d_emlrt_marshallIn      0000000180020cf0 f   mpclib_sfun:c3_mpclib.obj
 0001:0001fd60       c3_e_emlrt_marshallIn      0000000180020d60 f   mpclib_sfun:c3_mpclib.obj
 0001:0001fe50       c3_f_emlrt_marshallIn      0000000180020e50 f   mpclib_sfun:c3_mpclib.obj
 0001:0001fec0       c3_g_emlrt_marshallIn      0000000180020ec0 f   mpclib_sfun:c3_mpclib.obj
 0001:0001ffb0       c3_h_emlrt_marshallIn      0000000180020fb0 f   mpclib_sfun:c3_mpclib.obj
 0001:00020020       c3_i_emlrt_marshallIn      0000000180021020 f   mpclib_sfun:c3_mpclib.obj
 0001:000200b0       c3_j_emlrt_marshallIn      00000001800210b0 f   mpclib_sfun:c3_mpclib.obj
 0001:00020120       c3_k_emlrt_marshallIn      0000000180021120 f   mpclib_sfun:c3_mpclib.obj
 0001:00020200       c3_m_emlrt_marshallIn      0000000180021200 f   mpclib_sfun:c3_mpclib.obj
 0001:00020300       c3_h_sf_marshallIn         0000000180021300 f   mpclib_sfun:c3_mpclib.obj
 0001:00020450       c3_n_emlrt_marshallIn      0000000180021450 f   mpclib_sfun:c3_mpclib.obj
 0001:00020550       c3_i_sf_marshallIn         0000000180021550 f   mpclib_sfun:c3_mpclib.obj
 0001:000206a0       c3_o_emlrt_marshallIn      00000001800216a0 f   mpclib_sfun:c3_mpclib.obj
 0001:00020780       c3_j_sf_marshallIn         0000000180021780 f   mpclib_sfun:c3_mpclib.obj
 0001:00020860       c3_p_emlrt_marshallIn      0000000180021860 f   mpclib_sfun:c3_mpclib.obj
 0001:00020960       c3_k_sf_marshallIn         0000000180021960 f   mpclib_sfun:c3_mpclib.obj
 0001:00020ab0       c3_q_emlrt_marshallIn      0000000180021ab0 f   mpclib_sfun:c3_mpclib.obj
 0001:00020bb0       c3_l_sf_marshallIn         0000000180021bb0 f   mpclib_sfun:c3_mpclib.obj
 0001:00020d00       c3_r_emlrt_marshallIn      0000000180021d00 f   mpclib_sfun:c3_mpclib.obj
 0001:00020df0       c3_m_sf_marshallIn         0000000180021df0 f   mpclib_sfun:c3_mpclib.obj
 0001:00020f00       c3_s_emlrt_marshallIn      0000000180021f00 f   mpclib_sfun:c3_mpclib.obj
 0001:00021000       c3_n_sf_marshallIn         0000000180022000 f   mpclib_sfun:c3_mpclib.obj
 0001:00021150       c3_t_emlrt_marshallIn      0000000180022150 f   mpclib_sfun:c3_mpclib.obj
 0001:00021250       c3_o_sf_marshallIn         0000000180022250 f   mpclib_sfun:c3_mpclib.obj
 0001:000213a0       c3_u_emlrt_marshallIn      00000001800223a0 f   mpclib_sfun:c3_mpclib.obj
 0001:00021490       c3_p_sf_marshallIn         0000000180022490 f   mpclib_sfun:c3_mpclib.obj
 0001:00021590       c3_v_emlrt_marshallIn      0000000180022590 f   mpclib_sfun:c3_mpclib.obj
 0001:00021690       c3_q_sf_marshallIn         0000000180022690 f   mpclib_sfun:c3_mpclib.obj
 0001:000217e0       c3_w_emlrt_marshallIn      00000001800227e0 f   mpclib_sfun:c3_mpclib.obj
 0001:00021850       c3_x_emlrt_marshallIn      0000000180022850 f   mpclib_sfun:c3_mpclib.obj
 0001:000218e0       init_dsm_address_info      00000001800228e0 f   mpclib_sfun:c3_mpclib.obj
 0001:000218f0       init_simulink_io_address   00000001800228f0 f   mpclib_sfun:c3_mpclib.obj
 0001:0002a2d0       sf_get_sim_state_info_c3_mpclib 000000018002b2d0 f   mpclib_sfun:c3_mpclib.obj
 0001:0002a3a0       sf_get_instance_specialization 000000018002b3a0 f   mpclib_sfun:c3_mpclib.obj
 0001:0002a3b0       sf_opaque_initialize_c3_mpclib 000000018002b3b0 f   mpclib_sfun:c3_mpclib.obj
 0001:0002a3f0       sf_opaque_enable_c3_mpclib 000000018002b3f0 f   mpclib_sfun:c3_mpclib.obj
 0001:0002a410       sf_opaque_disable_c3_mpclib 000000018002b410 f   mpclib_sfun:c3_mpclib.obj
 0001:0002a430       sf_opaque_gateway_c3_mpclib 000000018002b430 f   mpclib_sfun:c3_mpclib.obj
 0001:0002a450       sf_opaque_get_sim_state_c3_mpclib 000000018002b450 f   mpclib_sfun:c3_mpclib.obj
 0001:0002a480       sf_opaque_set_sim_state_c3_mpclib 000000018002b480 f   mpclib_sfun:c3_mpclib.obj
 0001:0002a4b0       sf_opaque_terminate_c3_mpclib 000000018002b4b0 f   mpclib_sfun:c3_mpclib.obj
 0001:0002a550       mdlProcessParameters_c3_mpclib 000000018002b550 f   mpclib_sfun:c3_mpclib.obj
 0001:0002a610       mdlSetWorkWidths_c3_mpclib 000000018002b610 f   mpclib_sfun:c3_mpclib.obj
 0001:0002df10       mdlRTW_c3_mpclib           000000018002ef10 f   mpclib_sfun:c3_mpclib.obj
 0001:0002df50       mdlStart_c3_mpclib         000000018002ef50 f   mpclib_sfun:c3_mpclib.obj
 0001:0002e760       $$000000                   000000018002f760     MSVCRT:amdsecgs.obj
 0001:0002e7b4       pre_c_init                 000000018002f7b4 f   MSVCRT:crtdll.obj
 0001:0002eaac       __DllMainCRTStartup        000000018002faac f   MSVCRT:crtdll.obj
 0001:0002ebf0       $$000000                   000000018002fbf0     MSVCRT:chkstk.obj
 0001:0002f030       __DllMainCRTStartup$filt$0 0000000180030030 f   MSVCRT:crtdll.obj
 0001:0002f055       __DllMainCRTStartup$fin$1  0000000180030055 f   MSVCRT:crtdll.obj
 0001:0002f070       _IsNonwritableInCurrentImage$filt$0 0000000180030070 f   MSVCRT:pesect.obj
 0001:0002f090       _onexit$fin$0              0000000180030090 f   MSVCRT:atonexit.obj
 0002:00000488       pcinit                     0000000180031488     MSVCRT:crtdll.obj
 0002:00000490       pinit                      0000000180031490     MSVCRT:atonexit.obj
 0002:00000b80       GS_ExceptionPointers       0000000180031b80     MSVCRT:gs_report.obj
 0002:00000c50       $unwind$load_ABS_mpccontroller_optimization_info 0000000180031c50     ABS_mpccontroller_sfun.obj
 0002:00000c58       $unwind$unload_ABS_mpccontroller_optimization_info 0000000180031c58     ABS_mpccontroller_sfun.obj
 0002:00000c60       $unwind$sf_ABS_mpccontroller_uses_exported_functions 0000000180031c60     ABS_mpccontroller_sfun.obj
 0002:00000c68       $unwind$sf_ABS_mpccontroller_process_check_sum_call 0000000180031c68     ABS_mpccontroller_sfun.obj
 0002:00000c78       $unwind$sf_ABS_mpccontroller_autoinheritance_info 0000000180031c78     ABS_mpccontroller_sfun.obj
 0002:00000c88       $unwind$sf_ABS_mpccontroller_get_eml_resolved_functions_info 0000000180031c88     ABS_mpccontroller_sfun.obj
 0002:00000c98       $unwind$sf_ABS_mpccontroller_third_party_uses_info 0000000180031c98     ABS_mpccontroller_sfun.obj
 0002:00000ca8       $unwind$sf_ABS_mpccontroller_jit_fallback_info 0000000180031ca8     ABS_mpccontroller_sfun.obj
 0002:00000cb8       $unwind$sf_ABS_mpccontroller_updateBuildInfo_args_info 0000000180031cb8     ABS_mpccontroller_sfun.obj
 0002:00000cc8       $unwind$sf_ABS_mpccontroller_get_post_codegen_info 0000000180031cc8     ABS_mpccontroller_sfun.obj
 0002:00000cd8       $unwind$ABS_mpccontroller_debug_initialize 0000000180031cd8     ABS_mpccontroller_sfun.obj
 0002:00000ce0       $unwind$mexFunction        0000000180031ce0     ABS_mpccontroller_sfun_registry.obj
 0002:00000ce8       $unwind$_ssSetInputPortDirectFeedThroughFcn 0000000180031ce8     ABS_mpccontroller_sfun_registry.obj
 0002:00000cf0       $unwind$_ssGetInputPortSignalPtrsFcn 0000000180031cf0     ABS_mpccontroller_sfun_registry.obj
 0002:00000cf8       $unwind$_ssGetInputPortSignalFcn 0000000180031cf8     ABS_mpccontroller_sfun_registry.obj
 0002:00000d00       $unwind$_ssSetInputPortReusableFcn 0000000180031d00     ABS_mpccontroller_sfun_registry.obj
 0002:00000d10       $unwind$_ssSetOutputPortReusableFcn 0000000180031d10     ABS_mpccontroller_sfun_registry.obj
 0002:00000d20       $unwind$_ssSetSymbolicDimsSupport 0000000180031d20     ABS_mpccontroller_sfun_registry.obj
 0002:00000d28       $unwind$_ssRegisterSymbolicDimsExpr 0000000180031d28     ABS_mpccontroller_sfun_registry.obj
 0002:00000d30       $unwind$_ssRegisterSymbolicDims 0000000180031d30     ABS_mpccontroller_sfun_registry.obj
 0002:00000d38       $unwind$_ssRegisterSymbolicDimsString 0000000180031d38     ABS_mpccontroller_sfun_registry.obj
[...]
 0004:00000294       $pdata$ssGetZcSignalIsZcElementDisc 000000018003b294     ABS_mpccontroller_sfun_registry.obj
 0004:000002a0       $pdata$ssGetIsInputPortElementContinuous 000000018003b2a0     ABS_mpccontroller_sfun_registry.obj
 0004:000002ac       $pdata$ssGetDTypeIdFromMxArray 000000018003b2ac     ABS_mpccontroller_sfun_registry.obj
 0004:000002b8       $pdata$ssWriteRTWStr       000000018003b2b8     ABS_mpccontroller_sfun_registry.obj
 0004:000002c4       $pdata$ssWriteRTWNameValuePair 000000018003b2c4     ABS_mpccontroller_sfun_registry.obj
 0004:000002d0       $pdata$ssWriteRTWParamSettings 000000018003b2d0     ABS_mpccontroller_sfun_registry.obj
 0004:000002dc       $pdata$ssWriteRTWParameters 000000018003b2dc     ABS_mpccontroller_sfun_registry.obj
 0004:000002e8       $pdata$ssWriteRTWWorkVect  000000018003b2e8     ABS_mpccontroller_sfun_registry.obj
 0004:000002f4       $pdata$ssWriteRTWMxVectParam 000000018003b2f4     ABS_mpccontroller_sfun_registry.obj
 0004:00000300       $pdata$ssWriteRTWMx2dMatParam 000000018003b300     ABS_mpccontroller_sfun_registry.obj
 0004:0000030c       $pdata$_ssSetInputPortMatrixDimensions 000000018003b30c     ABS_mpccontroller_sfun_registry.obj
 0004:00000318       $pdata$_ssSetOutputPortMatrixDimensions 000000018003b318     ABS_mpccontroller_sfun_registry.obj
 0004:00000324       $pdata$_ssSetInputPortVectorDimension 000000018003b324     ABS_mpccontroller_sfun_registry.obj
 0004:00000330       $pdata$_ssSetOutputPortVectorDimension 000000018003b330     ABS_mpccontroller_sfun_registry.obj
 0004:0000033c       $pdata$ssIsRunTimeParamTunable 000000018003b33c     ABS_mpccontroller_sfun_registry.obj
 0004:00000348       $pdata$ssGetSFuncBlockHandle 000000018003b348     ABS_mpccontroller_sfun_registry.obj
 0004:00000354       $pdata$_ssGetCurrentInputPortWidth 000000018003b354     ABS_mpccontroller_sfun_registry.obj
 0004:00000360       $pdata$_ssGetCurrentOutputPortWidth 000000018003b360     ABS_mpccontroller_sfun_registry.obj
 0004:0000036c       $pdata$_ssGetCallSystemNumFcnCallDestinations 000000018003b36c     ABS_mpccontroller_sfun_registry.obj
 0004:00000378       $pdata$ssGetParameterTuningCompliance 000000018003b378     ABS_mpccontroller_sfun_registry.obj
 0004:00000384       $pdata$ssWarning           000000018003b384     ABS_mpccontroller_sfun_registry.obj
 0004:00000390       $pdata$_ssGetAbsTol        000000018003b390     ABS_mpccontroller_sfun_registry.obj
 0004:0000039c       $pdata$sf_process_check_sum_call 000000018003b39c     ABS_mpccontroller_sfun_registry.obj
 0004:000003a8       $pdata$sf_process_machine_uses_exported_functions_call 000000018003b3a8     ABS_mpccontroller_sfun_registry.obj
 0004:000003b4       $pdata$sf_process_autoinheritance_call 000000018003b3b4     ABS_mpccontroller_sfun_registry.obj
 0004:000003c0       $pdata$sf_process_get_third_party_uses_info_call 000000018003b3c0     ABS_mpccontroller_sfun_registry.obj
 0004:000003cc       $pdata$sf_process_get_jit_fallback_info_call 000000018003b3cc     ABS_mpccontroller_sfun_registry.obj
 0004:000003d8       $pdata$sf_process_get_updateBuildInfo_args_info_call 000000018003b3d8     ABS_mpccontroller_sfun_registry.obj
 0004:000003e4       $pdata$sf_process_get_eml_resolved_functions_info_call 000000018003b3e4     ABS_mpccontroller_sfun_registry.obj
 0004:000003f0       $pdata$sf_process_get_post_codegen_info 000000018003b3f0     ABS_mpccontroller_sfun_registry.obj
 0004:000003fc       $pdata$sf_mex_unlock_call  000000018003b3fc     ABS_mpccontroller_sfun_registry.obj
 0004:00000408       $pdata$sf_debug_api_wrapper 000000018003b408     ABS_mpccontroller_sfun_registry.obj
 0004:00000414       $pdata$ProcessMexSfunctionCmdLineCall 000000018003b414     ABS_mpccontroller_sfun_registry.obj
 0004:00000420       $pdata$sf_machine_global_initializer_called 000000018003b420     ABS_mpccontroller_sfun_registry.obj
 0004:0000042c       $pdata$sf_machine_global_method_dispatcher 000000018003b42c     ABS_mpccontroller_sfun_registry.obj
 0004:00000438       $pdata$sf_machine_global_terminator 000000018003b438     ABS_mpccontroller_sfun_registry.obj
 0004:00000444       $pdata$sf_register_machine_exported_symbols 000000018003b444     ABS_mpccontroller_sfun_registry.obj
 0004:00000450       $pdata$sf_machine_global_initializer 000000018003b450     ABS_mpccontroller_sfun_registry.obj
 0004:0000045c       $pdata$mdlGetSimState      000000018003b45c     ABS_mpccontroller_sfun_registry.obj
 0004:00000468       $pdata$mdlSetSimState      000000018003b468     ABS_mpccontroller_sfun_registry.obj
 0004:00000474       $pdata$mdlSetWorkWidths    000000018003b474     ABS_mpccontroller_sfun_registry.obj
 0004:00000480       $pdata$mdlProcessParameters 000000018003b480     ABS_mpccontroller_sfun_registry.obj
 0004:0000048c       $pdata$mdl_start_processing 000000018003b48c     ABS_mpccontroller_sfun_registry.obj
 0004:00000498       $pdata$mdl_terminate_processing 000000018003b498     ABS_mpccontroller_sfun_registry.obj
 0004:000004a4       $pdata$mdlStart            000000018003b4a4     ABS_mpccontroller_sfun_registry.obj
 0004:000004b0       $pdata$mdlTerminate        000000018003b4b0     ABS_mpccontroller_sfun_registry.obj
 0004:000004bc       $pdata$mdlInitializeSizes  000000018003b4bc     ABS_mpccontroller_sfun_registry.obj
 0004:000004c8       $pdata$mdlInitializeSampleTimes 000000018003b4c8     ABS_mpccontroller_sfun_registry.obj
 0004:000004d4       $pdata$mdl_outputs_continuous_legacy 000000018003b4d4     ABS_mpccontroller_sfun_registry.obj
 0004:000004e0       $pdata$mdl_outputs_processing 000000018003b4e0     ABS_mpccontroller_sfun_registry.obj
 0004:000004ec       $pdata$mdl_zeroCrossings_processing 000000018003b4ec     ABS_mpccontroller_sfun_registry.obj
 0004:000004f8       $pdata$mdlZeroCrossings    000000018003b4f8     ABS_mpccontroller_sfun_registry.obj
 0004:00000504       $pdata$mdl_derivatives_processing 000000018003b504     ABS_mpccontroller_sfun_registry.obj
 0004:00000510       $pdata$mdlDerivatives      000000018003b510     ABS_mpccontroller_sfun_registry.obj
 0004:0000051c       $pdata$mdl_initialize_conditions_processing 000000018003b51c     ABS_mpccontroller_sfun_registry.obj
 0004:00000528       $pdata$mdlInitializeConditions 000000018003b528     ABS_mpccontroller_sfun_registry.obj
 0004:00000534       $pdata$mdl_ext_mode_exec_processing 000000018003b534     ABS_mpccontroller_sfun_registry.obj
 0004:00000540       $pdata$mdlExtModeExec      000000018003b540     ABS_mpccontroller_sfun_registry.obj
 0004:0000054c       $pdata$mdlRTW              000000018003b54c     ABS_mpccontroller_sfun_registry.obj
 0004:00000558       $pdata$mdl_enable_processing 000000018003b558     ABS_mpccontroller_sfun_registry.obj
 0004:00000564       $pdata$mdlEnable           000000018003b564     ABS_mpccontroller_sfun_registry.obj
 0004:00000570       $pdata$mdl_disable_processing 000000018003b570     ABS_mpccontroller_sfun_registry.obj
 0004:0000057c       $pdata$mdlDisable          000000018003b57c     ABS_mpccontroller_sfun_registry.obj
 0004:00000588       $pdata$mdlOutputs          000000018003b588     ABS_mpccontroller_sfun_registry.obj
 0004:00000594       $pdata$mdl_update_processing 000000018003b594     ABS_mpccontroller_sfun_registry.obj
 0004:000005a0       $pdata$mdlUpdate           000000018003b5a0     ABS_mpccontroller_sfun_registry.obj
 0004:000005ac       $pdata$ProcessMexSfunctionEveryCall 000000018003b5ac     ABS_mpccontroller_sfun_registry.obj
 0004:000005b8       $pdata$_RegNumInputPortsCB 000000018003b5b8     ABS_mpccontroller_sfun_registry.obj
 0004:000005c4       $pdata$_RegNumOutputPortsCB 000000018003b5c4     ABS_mpccontroller_sfun_registry.obj
 0004:000005d0       $pdata$_CreateSimStruct    000000018003b5d0     ABS_mpccontroller_sfun_registry.obj
 0004:000005dc       $pdata$_ssFatalError       000000018003b5dc     ABS_mpccontroller_sfun_registry.obj
 0004:000005e8       $pdata$_ProcessMexSfunctionCmdLineCall 000000018003b5e8     ABS_mpccontroller_sfun_registry.obj
 0004:000005f4       $pdata$load_mpclib_optimization_info 000000018003b5f4     mpclib_sfun:mpclib_sfun.obj
 0004:00000600       $pdata$unload_mpclib_optimization_info 000000018003b600     mpclib_sfun:mpclib_sfun.obj
 0004:0000060c       $pdata$sf_mpclib_method_dispatcher 000000018003b60c     mpclib_sfun:mpclib_sfun.obj
 0004:00000618       $pdata$sf_mpclib_uses_exported_functions 000000018003b618     mpclib_sfun:mpclib_sfun.obj
 0004:00000624       $pdata$sf_mpclib_process_check_sum_call 000000018003b624     mpclib_sfun:mpclib_sfun.obj
 0004:00000630       $pdata$sf_mpclib_autoinheritance_info 000000018003b630     mpclib_sfun:mpclib_sfun.obj
 0004:0000063c       $pdata$sf_mpclib_get_eml_resolved_functions_info 000000018003b63c     mpclib_sfun:mpclib_sfun.obj
 0004:00000648       $pdata$sf_mpclib_third_party_uses_info 000000018003b648     mpclib_sfun:mpclib_sfun.obj
 0004:00000654       $pdata$sf_mpclib_jit_fallback_info 000000018003b654     mpclib_sfun:mpclib_sfun.obj
 0004:00000660       $pdata$sf_mpclib_updateBuildInfo_args_info 000000018003b660     mpclib_sfun:mpclib_sfun.obj
 0004:0000066c       $pdata$sf_mpclib_get_post_codegen_info 000000018003b66c     mpclib_sfun:mpclib_sfun.obj
 0004:00000678       $pdata$mpclib_debug_initialize 000000018003b678     mpclib_sfun:mpclib_sfun.obj
 0004:00000684       $pdata$sf_c3_mpclib_get_eml_resolved_functions_info 000000018003b684     mpclib_sfun:c3_mpclib.obj
 0004:00000690       $pdata$sf_c3_mpclib_get_check_sum 000000018003b690     mpclib_sfun:c3_mpclib.obj
 0004:0000069c       $pdata$c3_mpclib_method_dispatcher 000000018003b69c     mpclib_sfun:c3_mpclib.obj
 0004:000006a8       $pdata$chart_debug_initialization 000000018003b6a8     mpclib_sfun:c3_mpclib.obj
 0004:000006b4       $pdata$chart_debug_initialize_data_addresses 000000018003b6b4     mpclib_sfun:c3_mpclib.obj
 0004:000006c0       $pdata$initialize_c3_mpclib 000000018003b6c0     mpclib_sfun:c3_mpclib.obj
 0004:000006cc       $pdata$initialize_params_c3_mpclib 000000018003b6cc     mpclib_sfun:c3_mpclib.obj
 0004:000006d8       $pdata$enable_c3_mpclib    000000018003b6d8     mpclib_sfun:c3_mpclib.obj
 0004:000006e4       $pdata$disable_c3_mpclib   000000018003b6e4     mpclib_sfun:c3_mpclib.obj
 0004:000006f0       $pdata$get_sim_state_c3_mpclib 000000018003b6f0     mpclib_sfun:c3_mpclib.obj
 0004:000006fc       $pdata$set_sim_state_c3_mpclib 000000018003b6fc     mpclib_sfun:c3_mpclib.obj
 0004:00000708       $pdata$sf_gateway_c3_mpclib 000000018003b708     mpclib_sfun:c3_mpclib.obj
 0004:00000714       $pdata$c3_chartstep_c3_mpclib 000000018003b714     mpclib_sfun:c3_mpclib.obj
 0004:00000720       $pdata$c3_sf_marshallOut   000000018003b720     mpclib_sfun:c3_mpclib.obj
 0004:0000072c       $pdata$c3_sf_marshallIn    000000018003b72c     mpclib_sfun:c3_mpclib.obj
 0004:00000738       $pdata$c3_b_sf_marshallOut 000000018003b738     mpclib_sfun:c3_mpclib.obj
 0004:00000744       $pdata$c3_emlrt_marshallIn 000000018003b744     mpclib_sfun:c3_mpclib.obj
 0004:00000750       $pdata$c3_b_emlrt_marshallIn 000000018003b750     mpclib_sfun:c3_mpclib.obj
 0004:0000075c       $pdata$c3_b_sf_marshallIn  000000018003b75c     mpclib_sfun:c3_mpclib.obj
 0004:00000768       $pdata$c3_c_sf_marshallOut 000000018003b768     mpclib_sfun:c3_mpclib.obj
 0004:00000774       $pdata$c3_c_sf_marshallIn  000000018003b774     mpclib_sfun:c3_mpclib.obj
 0004:00000780       $pdata$c3_d_sf_marshallOut 000000018003b780     mpclib_sfun:c3_mpclib.obj
 0004:0000078c       $pdata$c3_d_sf_marshallIn  000000018003b78c     mpclib_sfun:c3_mpclib.obj
 0004:00000798       $pdata$c3_e_sf_marshallOut 000000018003b798     mpclib_sfun:c3_mpclib.obj
 0004:000007a4       $pdata$c3_f_sf_marshallOut 000000018003b7a4     mpclib_sfun:c3_mpclib.obj
 0004:000007b0       $pdata$c3_g_sf_marshallOut 000000018003b7b0     mpclib_sfun:c3_mpclib.obj
 0004:000007bc       $pdata$c3_h_sf_marshallOut 000000018003b7bc     mpclib_sfun:c3_mpclib.obj
 0004:000007c8       $pdata$c3_i_sf_marshallOut 000000018003b7c8     mpclib_sfun:c3_mpclib.obj
 0004:000007d4       $pdata$c3_j_sf_marshallOut 000000018003b7d4     mpclib_sfun:c3_mpclib.obj
 0004:000007e0       $pdata$c3_k_sf_marshallOut 000000018003b7e0     mpclib_sfun:c3_mpclib.obj
 0004:000007ec       $pdata$c3_l_sf_marshallOut 000000018003b7ec     mpclib_sfun:c3_mpclib.obj
 0004:000007f8       $pdata$c3_m_sf_marshallOut 000000018003b7f8     mpclib_sfun:c3_mpclib.obj
 0004:00000804       $pdata$c3_n_sf_marshallOut 000000018003b804     mpclib_sfun:c3_mpclib.obj
 0004:00000810       $pdata$c3_o_sf_marshallOut 000000018003b810     mpclib_sfun:c3_mpclib.obj
 0004:0000081c       $pdata$c3_p_sf_marshallOut 000000018003b81c     mpclib_sfun:c3_mpclib.obj
 0004:00000828       $pdata$c3_e_sf_marshallIn  000000018003b828     mpclib_sfun:c3_mpclib.obj
 0004:00000834       $pdata$c3_c_emlrt_marshallIn 000000018003b834     mpclib_sfun:c3_mpclib.obj
 0004:00000840       $pdata$c3_f_sf_marshallIn  000000018003b840     mpclib_sfun:c3_mpclib.obj
 0004:0000084c       $pdata$c3_d_emlrt_marshallIn 000000018003b84c     mpclib_sfun:c3_mpclib.obj
 0004:00000858       $pdata$c3_e_emlrt_marshallIn 000000018003b858     mpclib_sfun:c3_mpclib.obj
 0004:00000864       $pdata$c3_f_emlrt_marshallIn 000000018003b864     mpclib_sfun:c3_mpclib.obj
 0004:00000870       $pdata$c3_g_emlrt_marshallIn 000000018003b870     mpclib_sfun:c3_mpclib.obj
 0004:0000087c       $pdata$c3_h_emlrt_marshallIn 000000018003b87c     mpclib_sfun:c3_mpclib.obj
 0004:00000888       $pdata$c3_i_emlrt_marshallIn 000000018003b888     mpclib_sfun:c3_mpclib.obj
 0004:00000894       $pdata$c3_j_emlrt_marshallIn 000000018003b894     mpclib_sfun:c3_mpclib.obj
 0004:000008a0       $pdata$c3_k_emlrt_marshallIn 000000018003b8a0     mpclib_sfun:c3_mpclib.obj
 0004:000008ac       $pdata$c3_m_emlrt_marshallIn 000000018003b8ac     mpclib_sfun:c3_mpclib.obj
 0004:000008b8       $pdata$c3_h_sf_marshallIn  000000018003b8b8     mpclib_sfun:c3_mpclib.obj
 0004:000008c4       $pdata$c3_n_emlrt_marshallIn 000000018003b8c4     mpclib_sfun:c3_mpclib.obj
 0004:000008d0       $pdata$c3_i_sf_marshallIn  000000018003b8d0     mpclib_sfun:c3_mpclib.obj
 0004:000008dc       $pdata$c3_o_emlrt_marshallIn 000000018003b8dc     mpclib_sfun:c3_mpclib.obj
 0004:000008e8       $pdata$c3_j_sf_marshallIn  000000018003b8e8     mpclib_sfun:c3_mpclib.obj
 0004:000008f4       $pdata$c3_p_emlrt_marshallIn 000000018003b8f4     mpclib_sfun:c3_mpclib.obj
 0004:00000900       $pdata$c3_k_sf_marshallIn  000000018003b900     mpclib_sfun:c3_mpclib.obj
 0004:0000090c       $pdata$c3_q_emlrt_marshallIn 000000018003b90c     mpclib_sfun:c3_mpclib.obj
 0004:00000918       $pdata$c3_l_sf_marshallIn  000000018003b918     mpclib_sfun:c3_mpclib.obj
 0004:00000924       $pdata$c3_r_emlrt_marshallIn 000000018003b924     mpclib_sfun:c3_mpclib.obj
 0004:00000930       $pdata$c3_m_sf_marshallIn  000000018003b930     mpclib_sfun:c3_mpclib.obj
 0004:0000093c       $pdata$c3_s_emlrt_marshallIn 000000018003b93c     mpclib_sfun:c3_mpclib.obj
 0004:00000948       $pdata$c3_n_sf_marshallIn  000000018003b948     mpclib_sfun:c3_mpclib.obj
 0004:00000954       $pdata$c3_t_emlrt_marshallIn 000000018003b954     mpclib_sfun:c3_mpclib.obj
 0004:00000960       $pdata$c3_o_sf_marshallIn  000000018003b960     mpclib_sfun:c3_mpclib.obj
 0004:0000096c       $pdata$c3_u_emlrt_marshallIn 000000018003b96c     mpclib_sfun:c3_mpclib.obj
 0004:00000978       $pdata$c3_p_sf_marshallIn  000000018003b978     mpclib_sfun:c3_mpclib.obj
 0004:00000984       $pdata$c3_v_emlrt_marshallIn 000000018003b984     mpclib_sfun:c3_mpclib.obj
 0004:00000990       $pdata$c3_q_sf_marshallIn  000000018003b990     mpclib_sfun:c3_mpclib.obj
 0004:0000099c       $pdata$c3_w_emlrt_marshallIn 000000018003b99c     mpclib_sfun:c3_mpclib.obj
 0004:000009a8       $pdata$c3_x_emlrt_marshallIn 000000018003b9a8     mpclib_sfun:c3_mpclib.obj
 0004:000009b4       $pdata$init_simulink_io_address 000000018003b9b4     mpclib_sfun:c3_mpclib.obj
 0004:000009c0       $pdata$sf_c3_mpclib_get_post_codegen_info 000000018003b9c0     mpclib_sfun:c3_mpclib.obj
 0004:000009cc       $pdata$sf_c3_mpclib_get_autoinheritance_info 000000018003b9cc     mpclib_sfun:c3_mpclib.obj
 0004:000009d8       $pdata$sf_c3_mpclib_third_party_uses_info 000000018003b9d8     mpclib_sfun:c3_mpclib.obj
 0004:000009e4       $pdata$sf_c3_mpclib_jit_fallback_info 000000018003b9e4     mpclib_sfun:c3_mpclib.obj
 0004:000009f0       $pdata$sf_c3_mpclib_updateBuildInfo_args_info 000000018003b9f0     mpclib_sfun:c3_mpclib.obj
 0004:000009fc       $pdata$sf_get_sim_state_info_c3_mpclib 000000018003b9fc     mpclib_sfun:c3_mpclib.obj
 0004:00000a08       $pdata$sf_opaque_initialize_c3_mpclib 000000018003ba08     mpclib_sfun:c3_mpclib.obj
 0004:00000a14       $pdata$sf_opaque_enable_c3_mpclib 000000018003ba14     mpclib_sfun:c3_mpclib.obj
 0004:00000a20       $pdata$sf_opaque_disable_c3_mpclib 000000018003ba20     mpclib_sfun:c3_mpclib.obj
 0004:00000a2c       $pdata$sf_opaque_gateway_c3_mpclib 000000018003ba2c     mpclib_sfun:c3_mpclib.obj
 0004:00000a38       $pdata$sf_opaque_get_sim_state_c3_mpclib 000000018003ba38     mpclib_sfun:c3_mpclib.obj
 0004:00000a44       $pdata$sf_opaque_set_sim_state_c3_mpclib 000000018003ba44     mpclib_sfun:c3_mpclib.obj
 0004:00000a50       $pdata$sf_opaque_terminate_c3_mpclib 000000018003ba50     mpclib_sfun:c3_mpclib.obj
 0004:00000a5c       $pdata$mdlProcessParameters_c3_mpclib 000000018003ba5c     mpclib_sfun:c3_mpclib.obj
 0004:00000a68       $pdata$mdlSetWorkWidths_c3_mpclib 000000018003ba68     mpclib_sfun:c3_mpclib.obj
 0004:00000a74       $pdata$mdlRTW_c3_mpclib    000000018003ba74     mpclib_sfun:c3_mpclib.obj
 0004:00000a80       $pdata$mdlStart_c3_mpclib  000000018003ba80     mpclib_sfun:c3_mpclib.obj
 0004:00000a8c       $pdata$__raise_securityfailure 000000018003ba8c     MSVCRT:gs_report.obj
 0004:00000a98       $pdata$__report_gsfailure  000000018003ba98     MSVCRT:gs_report.obj
 0004:00000aa4       $pdata$__report_rangecheckfailure 000000018003baa4     MSVCRT:gs_report.obj
 0004:00000ab0       $pdata$__report_securityfailure 000000018003bab0     MSVCRT:gs_report.obj
 0004:00000abc       $pdata$__report_securityfailureEx 000000018003babc     MSVCRT:gs_report.obj
 0004:00000ac8       $pdata$__GSHandlerCheck    000000018003bac8     MSVCRT:gshandler.obj
 0004:00000ad4       $pdata$__GSHandlerCheckCommon 000000018003bad4     MSVCRT:gshandler.obj
 0004:00000aec       $pdata$pre_c_init          000000018003baec     MSVCRT:crtdll.obj
 0004:00000af8       $pdata$_CRT_INIT           000000018003baf8     MSVCRT:crtdll.obj
 0004:00000b04       $pdata$_DllMainCRTStartup  000000018003bb04     MSVCRT:crtdll.obj
 0004:00000b10       $pdata$__DllMainCRTStartup 000000018003bb10     MSVCRT:crtdll.obj
 0004:00000b28       $pdata$_IsNonwritableInCurrentImage 000000018003bb28     MSVCRT:pesect.obj
 0004:00000b34       $pdata$__atonexitinit      000000018003bb34     MSVCRT:atonexit.obj
 0004:00000b40       $pdata$_onexit             000000018003bb40     MSVCRT:atonexit.obj
 0004:00000b4c       $pdata$atexit              000000018003bb4c     MSVCRT:atonexit.obj
 0004:00000b58       $pdata$__security_init_cookie 000000018003bb58     MSVCRT:gs_support.obj
 0004:00000b64       $pdata$DllMain             000000018003bb64     MSVCRT:dllmain.obj
 0004:00000b70       $pdata$_RTC_Initialize     000000018003bb70     MSVCRT:initsect.obj
 0004:00000b7c       $pdata$_RTC_Terminate      000000018003bb7c     MSVCRT:initsect.obj
 0004:00000b88       $pdata$__DllMainCRTStartup$filt$0 000000018003bb88     MSVCRT:crtdll.obj
 0004:00000b94       $pdata$__DllMainCRTStartup$fin$1 000000018003bb94     MSVCRT:crtdll.obj
 0004:00000ba0       $pdata$_IsNonwritableInCurrentImage$filt$0 000000018003bba0     MSVCRT:pesect.obj
 0004:00000bac       $pdata$_onexit$fin$0       000000018003bbac     MSVCRT:atonexit.obj
